Archive member included to satisfy reference by file (symbol)

D:/STM32CubeIDE/STM32CubeIDE_1.18.1/STM32CubeIDE/plugins/com.st.stm32cube.ide.mcu.externaltools.gnu-tools-for-stm32.13.3.rel1.win32_1.0.0.202411081344/tools/bin/../lib/gcc/arm-none-eabi/13.3.1/../../../../arm-none-eabi/lib/thumb/v7e-m/nofp\libc_nano.a(libc_a-exit.o)
                              D:/STM32CubeIDE/STM32CubeIDE_1.18.1/STM32CubeIDE/plugins/com.st.stm32cube.ide.mcu.externaltools.gnu-tools-for-stm32.13.3.rel1.win32_1.0.0.202411081344/tools/bin/../lib/gcc/arm-none-eabi/13.3.1/../../../../arm-none-eabi/lib/thumb/v7e-m/nofp/crt0.o (exit)
D:/STM32CubeIDE/STM32CubeIDE_1.18.1/STM32CubeIDE/plugins/com.st.stm32cube.ide.mcu.externaltools.gnu-tools-for-stm32.13.3.rel1.win32_1.0.0.202411081344/tools/bin/../lib/gcc/arm-none-eabi/13.3.1/../../../../arm-none-eabi/lib/thumb/v7e-m/nofp\libc_nano.a(libc_a-findfp.o)
                              D:/STM32CubeIDE/STM32CubeIDE_1.18.1/STM32CubeIDE/plugins/com.st.stm32cube.ide.mcu.externaltools.gnu-tools-for-stm32.13.3.rel1.win32_1.0.0.202411081344/tools/bin/../lib/gcc/arm-none-eabi/13.3.1/../../../../arm-none-eabi/lib/thumb/v7e-m/nofp\libc_nano.a(libc_a-exit.o) (__stdio_exit_handler)
D:/STM32CubeIDE/STM32CubeIDE_1.18.1/STM32CubeIDE/plugins/com.st.stm32cube.ide.mcu.externaltools.gnu-tools-for-stm32.13.3.rel1.win32_1.0.0.202411081344/tools/bin/../lib/gcc/arm-none-eabi/13.3.1/../../../../arm-none-eabi/lib/thumb/v7e-m/nofp\libc_nano.a(libc_a-fwalk.o)
                              D:/STM32CubeIDE/STM32CubeIDE_1.18.1/STM32CubeIDE/plugins/com.st.stm32cube.ide.mcu.externaltools.gnu-tools-for-stm32.13.3.rel1.win32_1.0.0.202411081344/tools/bin/../lib/gcc/arm-none-eabi/13.3.1/../../../../arm-none-eabi/lib/thumb/v7e-m/nofp\libc_nano.a(libc_a-findfp.o) (_fwalk_sglue)
D:/STM32CubeIDE/STM32CubeIDE_1.18.1/STM32CubeIDE/plugins/com.st.stm32cube.ide.mcu.externaltools.gnu-tools-for-stm32.13.3.rel1.win32_1.0.0.202411081344/tools/bin/../lib/gcc/arm-none-eabi/13.3.1/../../../../arm-none-eabi/lib/thumb/v7e-m/nofp\libc_nano.a(libc_a-printf.o)
                              ./Src/007spi_msg_rcv_it.o (printf)
D:/STM32CubeIDE/STM32CubeIDE_1.18.1/STM32CubeIDE/plugins/com.st.stm32cube.ide.mcu.externaltools.gnu-tools-for-stm32.13.3.rel1.win32_1.0.0.202411081344/tools/bin/../lib/gcc/arm-none-eabi/13.3.1/../../../../arm-none-eabi/lib/thumb/v7e-m/nofp\libc_nano.a(libc_a-stdio.o)
                              D:/STM32CubeIDE/STM32CubeIDE_1.18.1/STM32CubeIDE/plugins/com.st.stm32cube.ide.mcu.externaltools.gnu-tools-for-stm32.13.3.rel1.win32_1.0.0.202411081344/tools/bin/../lib/gcc/arm-none-eabi/13.3.1/../../../../arm-none-eabi/lib/thumb/v7e-m/nofp\libc_nano.a(libc_a-findfp.o) (__sread)
D:/STM32CubeIDE/STM32CubeIDE_1.18.1/STM32CubeIDE/plugins/com.st.stm32cube.ide.mcu.externaltools.gnu-tools-for-stm32.13.3.rel1.win32_1.0.0.202411081344/tools/bin/../lib/gcc/arm-none-eabi/13.3.1/../../../../arm-none-eabi/lib/thumb/v7e-m/nofp\libc_nano.a(libc_a-memset.o)
                              D:/STM32CubeIDE/STM32CubeIDE_1.18.1/STM32CubeIDE/plugins/com.st.stm32cube.ide.mcu.externaltools.gnu-tools-for-stm32.13.3.rel1.win32_1.0.0.202411081344/tools/bin/../lib/gcc/arm-none-eabi/13.3.1/../../../../arm-none-eabi/lib/thumb/v7e-m/nofp/crt0.o (memset)
D:/STM32CubeIDE/STM32CubeIDE_1.18.1/STM32CubeIDE/plugins/com.st.stm32cube.ide.mcu.externaltools.gnu-tools-for-stm32.13.3.rel1.win32_1.0.0.202411081344/tools/bin/../lib/gcc/arm-none-eabi/13.3.1/../../../../arm-none-eabi/lib/thumb/v7e-m/nofp\libc_nano.a(libc_a-closer.o)
                              D:/STM32CubeIDE/STM32CubeIDE_1.18.1/STM32CubeIDE/plugins/com.st.stm32cube.ide.mcu.externaltools.gnu-tools-for-stm32.13.3.rel1.win32_1.0.0.202411081344/tools/bin/../lib/gcc/arm-none-eabi/13.3.1/../../../../arm-none-eabi/lib/thumb/v7e-m/nofp\libc_nano.a(libc_a-stdio.o) (_close_r)
D:/STM32CubeIDE/STM32CubeIDE_1.18.1/STM32CubeIDE/plugins/com.st.stm32cube.ide.mcu.externaltools.gnu-tools-for-stm32.13.3.rel1.win32_1.0.0.202411081344/tools/bin/../lib/gcc/arm-none-eabi/13.3.1/../../../../arm-none-eabi/lib/thumb/v7e-m/nofp\libc_nano.a(libc_a-reent.o)
                              D:/STM32CubeIDE/STM32CubeIDE_1.18.1/STM32CubeIDE/plugins/com.st.stm32cube.ide.mcu.externaltools.gnu-tools-for-stm32.13.3.rel1.win32_1.0.0.202411081344/tools/bin/../lib/gcc/arm-none-eabi/13.3.1/../../../../arm-none-eabi/lib/thumb/v7e-m/nofp\libc_nano.a(libc_a-closer.o) (errno)
D:/STM32CubeIDE/STM32CubeIDE_1.18.1/STM32CubeIDE/plugins/com.st.stm32cube.ide.mcu.externaltools.gnu-tools-for-stm32.13.3.rel1.win32_1.0.0.202411081344/tools/bin/../lib/gcc/arm-none-eabi/13.3.1/../../../../arm-none-eabi/lib/thumb/v7e-m/nofp\libc_nano.a(libc_a-impure.o)
                              D:/STM32CubeIDE/STM32CubeIDE_1.18.1/STM32CubeIDE/plugins/com.st.stm32cube.ide.mcu.externaltools.gnu-tools-for-stm32.13.3.rel1.win32_1.0.0.202411081344/tools/bin/../lib/gcc/arm-none-eabi/13.3.1/../../../../arm-none-eabi/lib/thumb/v7e-m/nofp\libc_nano.a(libc_a-printf.o) (_impure_ptr)
[...]
Memory Configuration

Name             Origin             Length             Attributes
RAM              0x20000000         0x00050000         xrw
SRAM2            0x10000000         0x00010000         xrw
FLASH            0x08000000         0x00100000         xr
*default*        0x00000000         0xffffffff

Linker script and memory map

LOAD D:/STM32CubeIDE/STM32CubeIDE_1.18.1/STM32CubeIDE/plugins/com.st.stm32cube.ide.mcu.externaltools.gnu-tools-for-stm32.13.3.rel1.win32_1.0.0.202411081344/tools/bin/../lib/gcc/arm-none-eabi/13.3.1/thumb/v7e-m/nofp/crti.o
LOAD D:/STM32CubeIDE/STM32CubeIDE_1.18.1/STM32CubeIDE/plugins/com.st.stm32cube.ide.mcu.externaltools.gnu-tools-for-stm32.13.3.rel1.win32_1.0.0.202411081344/tools/bin/../lib/gcc/arm-none-eabi/13.3.1/thumb/v7e-m/nofp/crtbegin.o
LOAD D:/STM32CubeIDE/STM32CubeIDE_1.18.1/STM32CubeIDE/plugins/com.st.stm32cube.ide.mcu.externaltools.gnu-tools-for-stm32.13.3.rel1.win32_1.0.0.202411081344/tools/bin/../lib/gcc/arm-none-eabi/13.3.1/../../../../arm-none-eabi/lib/thumb/v7e-m/nofp/crt0.o
LOAD ./Src/007spi_msg_rcv_it.o
LOAD ./Src/syscalls.o
LOAD ./Src/sysmem.o
LOAD ./Startup/startup_stm32l496zgtxp.o
LOAD ./drivers/Src/stm32l496xx_gpio.o
LOAD ./drivers/Src/stm32l496xx_spi.o
START GROUP
LOAD D:/STM32CubeIDE/STM32CubeIDE_1.18.1/STM32CubeIDE/plugins/com.st.stm32cube.ide.mcu.externaltools.gnu-tools-for-stm32.13.3.rel1.win32_1.0.0.202411081344/tools/bin/../lib/gcc/arm-none-eabi/13.3.1/../../../../arm-none-eabi/lib/thumb/v7e-m/nofp\libc_nano.a
LOAD D:/STM32CubeIDE/STM32CubeIDE_1.18.1/STM32CubeIDE/plugins/com.st.stm32cube.ide.mcu.externaltools.gnu-tools-for-stm32.13.3.rel1.win32_1.0.0.202411081344/tools/bin/../lib/gcc/arm-none-eabi/13.3.1/../../../../arm-none-eabi/lib/thumb/v7e-m/nofp\libm.a
END GROUP
START GROUP
LOAD D:/STM32CubeIDE/STM32CubeIDE_1.18.1/STM32CubeIDE/plugins/com.st.stm32cube.ide.mcu.externaltools.gnu-tools-for-stm32.13.3.rel1.win32_1.0.0.202411081344/tools/bin/../lib/gcc/arm-none-eabi/13.3.1/thumb/v7e-m/nofp\libgcc.a
LOAD D:/STM32CubeIDE/STM32CubeIDE_1.18.1/STM32CubeIDE/plugins/com.st.stm32cube.ide.mcu.externaltools.gnu-tools-for-stm32.13.3.rel1.win32_1.0.0.202411081344/tools/bin/../lib/gcc/arm-none-eabi/13.3.1/../../../../arm-none-eabi/lib/thumb/v7e-m/nofp\libc_nano.a
END GROUP
START GROUP
LOAD D:/STM32CubeIDE/STM32CubeIDE_1.18.1/STM32CubeIDE/plugins/com.st.stm32cube.ide.mcu.externaltools.gnu-tools-for-stm32.13.3.rel1.win32_1.0.0.202411081344/tools/bin/../lib/gcc/arm-none-eabi/13.3.1/thumb/v7e-m/nofp\libgcc.a
LOAD D:/STM32CubeIDE/STM32CubeIDE_1.18.1/STM32CubeIDE/plugins/com.st.stm32cube.ide.mcu.externaltools.gnu-tools-for-stm32.13.3.rel1.win32_1.0.0.202411081344/tools/bin/../lib/gcc/arm-none-eabi/13.3.1/../../../../arm-none-eabi/lib/thumb/v7e-m/nofp\libc_nano.a
LOAD D:/STM32CubeIDE/STM32CubeIDE_1.18.1/STM32CubeIDE/plugins/com.st.stm32cube.ide.mcu.externaltools.gnu-tools-for-stm32.13.3.rel1.win32_1.0.0.202411081344/tools/bin/../lib/gcc/arm-none-eabi/13.3.1/../../../../arm-none-eabi/lib/thumb/v7e-m/nofp\libnosys.a
END GROUP
START GROUP
LOAD D:/STM32CubeIDE/STM32CubeIDE_1.18.1/STM32CubeIDE/plugins/com.st.stm32cube.ide.mcu.externaltools.gnu-tools-for-stm32.13.3.rel1.win32_1.0.0.202411081344/tools/bin/../lib/gcc/arm-none-eabi/13.3.1/thumb/v7e-m/nofp\libgcc.a
LOAD D:/STM32CubeIDE/STM32CubeIDE_1.18.1/STM32CubeIDE/plugins/com.st.stm32cube.ide.mcu.externaltools.gnu-tools-for-stm32.13.3.rel1.win32_1.0.0.202411081344/tools/bin/../lib/gcc/arm-none-eabi/13.3.1/../../../../arm-none-eabi/lib/thumb/v7e-m/nofp\libc_nano.a
LOAD D:/STM32CubeIDE/STM32CubeIDE_1.18.1/STM32CubeIDE/plugins/com.st.stm32cube.ide.mcu.externaltools.gnu-tools-for-stm32.13.3.rel1.win32_1.0.0.202411081344/tools/bin/../lib/gcc/arm-none-eabi/13.3.1/../../../../arm-none-eabi/lib/thumb/v7e-m/nofp\libnosys.a
END GROUP
LOAD D:/STM32CubeIDE/STM32CubeIDE_1.18.1/STM32CubeIDE/plugins/com.st.stm32cube.ide.mcu.externaltools.gnu-tools-for-stm32.13.3.rel1.win32_1.0.0.202411081344/tools/bin/../lib/gcc/arm-none-eabi/13.3.1/thumb/v7e-m/nofp/crtend.o
LOAD D:/STM32CubeIDE/STM32CubeIDE_1.18.1/STM32CubeIDE/plugins/com.st.stm32cube.ide.mcu.externaltools.gnu-tools-for-stm32.13.3.rel1.win32_1.0.0.202411081344/tools/bin/../lib/gcc/arm-none-eabi/13.3.1/thumb/v7e-m/nofp/crtn.o
                0x20050000                        _estack = (ORIGIN (RAM) + LENGTH (RAM))
                0x00000200                        _Min_Heap_Size = 0x200
                0x00000400                        _Min_Stack_Size = 0x400

.isr_vector     0x08000000      0x1ac
                0x08000000                        . = ALIGN (0x4)
 *(.isr_vector)
 .isr_vector    0x08000000      0x1ac ./Startup/startup_stm32l496zgtxp.o
                0x08000000                g_pfnVectors
                0x080001ac                        . = ALIGN (0x4)

.text           0x080001b0     0x2038
                0x080001b0                        . = ALIGN (0x4)
 *(.text)
 .text          0x080001b0       0x40 D:/STM32CubeIDE/STM32CubeIDE_1.18.1/STM32CubeIDE/plugins/com.st.stm32cube.ide.mcu.externaltools.gnu-tools-for-stm32.13.3.rel1.win32_1.0.0.202411081344/tools/bin/../lib/gcc/arm-none-eabi/13.3.1/thumb/v7e-m/nofp/crtbegin.o
 .text          0x080001f0       0xa0 D:/STM32CubeIDE/STM32CubeIDE_1.18.1/STM32CubeIDE/plugins/com.st.stm32cube.ide.mcu.externaltools.gnu-tools-for-stm32.13.3.rel1.win32_1.0.0.202411081344/tools/bin/../lib/gcc/arm-none-eabi/13.3.1/../../../../arm-none-eabi/lib/thumb/v7e-m/nofp\libc_nano.a(libc_a-memchr.o)
                0x080001f0                memchr
 *(.text*)
 .text.SPI1_GPIOInit
                0x08000290       0x5c ./Src/007spi_msg_rcv_it.o
                0x08000290                SPI1_GPIOInit
 .text.SPI1_Init
                0x080002ec       0x48 ./Src/007spi_msg_rcv_it.o
                0x080002ec                SPI1_Init
 .text.Slave_GPIO_InterruptPinInit
                0x08000334       0x4c ./Src/007spi_msg_rcv_it.o
                0x08000334                Slave_GPIO_InterruptPinInit
 .text.main     0x08000380       0xc8 ./Src/007spi_msg_rcv_it.o
                0x08000380                main
 .text.SPI1_IRQHandler
                0x08000448       0x14 ./Src/007spi_msg_rcv_it.o
                0x08000448                SPI1_IRQHandler
 .text.SPI_ApplicationEventCallback
                0x0800045c       0x6c ./Src/007spi_msg_rcv_it.o
                0x0800045c                SPI_ApplicationEventCallback
 .text.EXTI0_IRQHandler
                0x080004c8       0x18 ./Src/007spi_msg_rcv_it.o
                0x080004c8                EXTI0_IRQHandler
 .text.ITM_SendChar
                0x080004e0       0x4c ./Src/syscalls.o
                0x080004e0                ITM_SendChar
 .text._read    0x0800052c       0x3a ./Src/syscalls.o
                0x0800052c                _read
 .text._write   0x08000566       0x38 ./Src/syscalls.o
                0x08000566                _write
 .text._close   0x0800059e       0x16 ./Src/syscalls.o
                0x0800059e                _close
 .text._fstat   0x080005b4       0x1e ./Src/syscalls.o
                0x080005b4                _fstat
 .text._isatty  0x080005d2       0x14 ./Src/syscalls.o
                0x080005d2                _isatty
 .text._lseek   0x080005e6       0x18 ./Src/syscalls.o
                0x080005e6                _lseek
 *fill*         0x080005fe        0x2 
 .text._sbrk    0x08000600       0x6c ./Src/sysmem.o
                0x08000600                _sbrk
 .text.Reset_Handler
                0x0800066c       0x50 ./Startup/startup_stm32l496zgtxp.o
                0x0800066c                Reset_Handler
 .text.Default_Handler
                0x080006bc        0x2 ./Startup/startup_stm32l496zgtxp.o
                0x080006bc                EXTI2_IRQHandler
                0x080006bc                TIM8_TRG_COM_IRQHandler
                0x080006bc                TIM8_CC_IRQHandler
                0x080006bc                DebugMon_Handler
                0x080006bc                DMA1_CH4_IRQHandler
                0x080006bc                TIM1_CC_IRQHandler
                0x080006bc                TSC_IRQHandler
                0x080006bc                HardFault_Handler
                0x080006bc                SysTick_Handler
                0x080006bc                TAMP_STAMP_IRQHandler
                0x080006bc                PendSV_Handler
                0x080006bc                NMI_Handler
                0x080006bc                CAN2_RX1_IRQHandler
                0x080006bc                EXTI3_IRQHandler
                0x080006bc                LPTIM2_IRQHandler
                0x080006bc                DFSDM1_FLT1_IRQHandler
                0x080006bc                I2C3_ER_IRQHandler
                0x080006bc                DFSDM1_FLT2_IRQHandler
                0x080006bc                TIM6_DACUNDER_IRQHandler
                0x080006bc                I2C2_EV_IRQHandler
                0x080006bc                DMA2_CH1_IRQHandler
                0x080006bc                CAN1_RX0_IRQHandler
                0x080006bc                FPU_IRQHandler
                0x080006bc                TIM1_UP_TIM16_IRQHandler
                0x080006bc                DMA2_CH7_IRQHandler
                0x080006bc                UsageFault_Handler
                0x080006bc                CAN2_SCE_IRQHandler
                0x080006bc                ADC1_2_IRQHandler
                0x080006bc                DMA1_CH7_IRQHandler
                0x080006bc                DCMI_IRQHandler
                0x080006bc                CAN2_RX0_IRQHandler
                0x080006bc                TIM8_UP_IRQHandler
                0x080006bc                RTC_ALARM_IRQHandler
                0x080006bc                SAI2_IRQHandler
                0x080006bc                DFSDM1_FLT3_IRQHandler
                0x080006bc                DMA1_CH6_IRQHandler
                0x080006bc                USART3_IRQHandler
                0x080006bc                CAN1_RX1_IRQHandler
                0x080006bc                LCD_IRQHandler
                0x080006bc                UART5_IRQHandler
                0x080006bc                ADC3_IRQHandler
                0x080006bc                TIM4_IRQHandler
                0x080006bc                QUADSPI_IRQHandler
                0x080006bc                I2C1_EV_IRQHandler
                0x080006bc                DMA2_CH5_IRQHandler
                0x080006bc                UART4_IRQHandler
                0x080006bc                DMA1_CH3_IRQHandler
                0x080006bc                TIM3_IRQHandler
                0x080006bc                RCC_IRQHandler
                0x080006bc                Default_Handler
                0x080006bc                EXTI15_10_IRQHandler
                0x080006bc                TIM7_IRQHandler
                0x080006bc                SDMMC1_IRQHandler
                0x080006bc                CAN2_TX_IRQHandler
                0x080006bc                TIM5_IRQHandler
                0x080006bc                I2C3_EV_IRQHandler
                0x080006bc                EXTI9_5_IRQHandler
                0x080006bc                DMA1_CH2_IRQHandler
                0x080006bc                RTC_WKUP_IRQHandler
                0x080006bc                RNG_HASH_IRQHandler
                0x080006bc                PVD_PVM_IRQHandler
                0x080006bc                SPI2_IRQHandler
                0x080006bc                DMA1_CH1_IRQHandler
                0x080006bc                MemManage_Handler
                0x080006bc                CAN1_TX_IRQHandler
                0x080006bc                SVC_Handler
                0x080006bc                CRS_IRQHandler
                0x080006bc                EXTI4_IRQHandler
                0x080006bc                TIM1_TRG_COM_TIM17_IRQHandler
                0x080006bc                COMP_IRQHandler
                0x080006bc                WWDG_IRQHandler
                0x080006bc                I2C4_EV_IRQHandler
                0x080006bc                LPUART1_IRQHandler
                0x080006bc                TIM2_IRQHandler
                0x080006bc                DMA2D_IRQHandler
                0x080006bc                EXTI1_IRQHandler
                0x080006bc                USART2_IRQHandler
                0x080006bc                DFSDM1_FLT0_IRQHandler
                0x080006bc                I2C2_ER_IRQHandler
                0x080006bc                TIM8_BRK_IRQHandler
                0x080006bc                CAN1_SCE_IRQHandler
                0x080006bc                FLASH_IRQHandler
                0x080006bc                BusFault_Handler
                0x080006bc                USART1_IRQHandler
                0x080006bc                OTG_FS_IRQHandler
                0x080006bc                SPI3_IRQHandler
                0x080006bc                DMA2_CH6_IRQHandler
                0x080006bc                DMA2_CH3_IRQHandler
                0x080006bc                DMA2_CH2_IRQHandler
                0x080006bc                I2C1_ER_IRQHandler
                0x080006bc                FMC_IRQHandler
                0x080006bc                DMA1_CH5_IRQHandler
                0x080006bc                DMA2_CH4_IRQHandler
                0x080006bc                SWPMI1_IRQHandler
                0x080006bc                LPTIM1_IRQHandler
                0x080006bc                I2C4_ER_IRQHandler
                0x080006bc                SAI1_IRQHandler
                0x080006bc                TIM1_BRK_TIM15_IRQHandler
 *fill*         0x080006be        0x2 
 .text.GPIO_PeriClockControl
                0x080006c0      0x1cc ./drivers/Src/stm32l496xx_gpio.o
                0x080006c0                GPIO_PeriClockControl
 .text.GPIO_Init
                0x0800088c      0x35c ./drivers/Src/stm32l496xx_gpio.o
                0x0800088c                GPIO_Init
 .text.GPIO_IRQInterruptConfig
                0x08000be8      0x108 ./drivers/Src/stm32l496xx_gpio.o
                0x08000be8                GPIO_IRQInterruptConfig
 .text.GPIO_IRQPriorityConfig
                0x08000cf0       0x5a ./drivers/Src/stm32l496xx_gpio.o
                0x08000cf0                GPIO_IRQPriorityConfig
 *fill*         0x08000d4a        0x2 
 .text.GPIO_IRQHandling
                0x08000d4c       0x40 ./drivers/Src/stm32l496xx_gpio.o
                0x08000d4c                GPIO_IRQHandling
 .text.SPI_PeriClockControl
                0x08000d8c       0xb0 ./drivers/Src/stm32l496xx_spi.o
                0x08000d8c                SPI_PeriClockControl
 .text.SPI_Init
                0x08000e3c       0xb8 ./drivers/Src/stm32l496xx_spi.o
                0x08000e3c                SPI_Init
 .text.SPI_GetFlagStatus
                0x08000ef4       0x26 ./drivers/Src/stm32l496xx_spi.o
                0x08000ef4                SPI_GetFlagStatus
 *fill*         0x08000f1a        0x2 
 .text.SPI_IRQInterruptConfig
                0x08000f1c      0x108 ./drivers/Src/stm32l496xx_spi.o
                0x08000f1c                SPI_IRQInterruptConfig
 .text.SPI_Peripheral_Control
                0x08001024       0x36 ./drivers/Src/stm32l496xx_spi.o
                0x08001024                SPI_Peripheral_Control
 .text.SPI_SSOEConfig
                0x0800105a       0x36 ./drivers/Src/stm32l496xx_spi.o
                0x0800105a                SPI_SSOEConfig
 .text.SPI_SendDataIT
                0x08001090       0x46 ./drivers/Src/stm32l496xx_spi.o
                0x08001090                SPI_SendDataIT
 .text.SPI_ReceiveDataIT
                0x080010d6       0x46 ./drivers/Src/stm32l496xx_spi.o
                0x080010d6                SPI_ReceiveDataIT
 .text.SPI_IRQHandling
                0x0800111c       0x9e ./drivers/Src/stm32l496xx_spi.o
                0x0800111c                SPI_IRQHandling
 .text.spi_txe_interrupt_handle
                0x080011ba       0x8e ./drivers/Src/stm32l496xx_spi.o
 .text.spi_rxne_interrupt_handle
                0x08001248       0x9e ./drivers/Src/stm32l496xx_spi.o
 .text.spi_ovr_err_interrupt_handle
                0x080012e6       0x30 ./drivers/Src/stm32l496xx_spi.o
 .text.SPI_CloseTransmission
                0x08001316       0x34 ./drivers/Src/stm32l496xx_spi.o
                0x08001316                SPI_CloseTransmission
 .text.SPI_CloseReception
                0x0800134a       0x34 ./drivers/Src/stm32l496xx_spi.o
                0x0800134a                SPI_CloseReception
 *fill*         0x0800137e        0x2 
 .text.std      0x08001380       0x6c D:/STM32CubeIDE/STM32CubeIDE_1.18.1/STM32CubeIDE/plugins/com.st.stm32cube.ide.mcu.externaltools.gnu-tools-for-stm32.13.3.rel1.win32_1.0.0.202411081344/tools/bin/../lib/gcc/arm-none-eabi/13.3.1/../../../../arm-none-eabi/lib/thumb/v7e-m/nofp\libc_nano.a(libc_a-findfp.o)
 .text.stdio_exit_handler
                0x080013ec       0x18 D:/STM32CubeIDE/STM32CubeIDE_1.18.1/STM32CubeIDE/plugins/com.st.stm32cube.ide.mcu.externaltools.gnu-tools-for-stm32.13.3.rel1.win32_1.0.0.202411081344/tools/bin/../lib/gcc/arm-none-eabi/13.3.1/../../../../arm-none-eabi/lib/thumb/v7e-m/nofp\libc_nano.a(libc_a-findfp.o)
 .text.cleanup_stdio
                0x08001404       0x40 D:/STM32CubeIDE/STM32CubeIDE_1.18.1/STM32CubeIDE/plugins/com.st.stm32cube.ide.mcu.externaltools.gnu-tools-for-stm32.13.3.rel1.win32_1.0.0.202411081344/tools/bin/../lib/gcc/arm-none-eabi/13.3.1/../../../../arm-none-eabi/lib/thumb/v7e-m/nofp\libc_nano.a(libc_a-findfp.o)
 .text.global_stdio_init.part.0
                0x08001444       0x3c D:/STM32CubeIDE/STM32CubeIDE_1.18.1/STM32CubeIDE/plugins/com.st.stm32cube.ide.mcu.externaltools.gnu-tools-for-stm32.13.3.rel1.win32_1.0.0.202411081344/tools/bin/../lib/gcc/arm-none-eabi/13.3.1/../../../../arm-none-eabi/lib/thumb/v7e-m/nofp\libc_nano.a(libc_a-findfp.o)
 .text.__sfp_lock_acquire
                0x08001480        0xc D:/STM32CubeIDE/STM32CubeIDE_1.18.1/STM32CubeIDE/plugins/com.st.stm32cube.ide.mcu.externaltools.gnu-tools-for-stm32.13.3.rel1.win32_1.0.0.202411081344/tools/bin/../lib/gcc/arm-none-eabi/13.3.1/../../../../arm-none-eabi/lib/thumb/v7e-m/nofp\libc_nano.a(libc_a-findfp.o)
                0x08001480                __sfp_lock_acquire
 .text.__sfp_lock_release
                0x0800148c        0xc D:/STM32CubeIDE/STM32CubeIDE_1.18.1/STM32CubeIDE/plugins/com.st.stm32cube.ide.mcu.externaltools.gnu-tools-for-stm32.13.3.rel1.win32_1.0.0.202411081344/tools/bin/../lib/gcc/arm-none-eabi/13.3.1/../../../../arm-none-eabi/lib/thumb/v7e-m/nofp\libc_nano.a(libc_a-findfp.o)
                0x0800148c                __sfp_lock_release
 .text.__sinit  0x08001498       0x30 D:/STM32CubeIDE/STM32CubeIDE_1.18.1/STM32CubeIDE/plugins/com.st.stm32cube.ide.mcu.externaltools.gnu-tools-for-stm32.13.3.rel1.win32_1.0.0.202411081344/tools/bin/../lib/gcc/arm-none-eabi/13.3.1/../../../../arm-none-eabi/lib/thumb/v7e-m/nofp\libc_nano.a(libc_a-findfp.o)
                0x08001498                __sinit
 .text._fwalk_sglue
                0x080014c8       0x3c D:/STM32CubeIDE/STM32CubeIDE_1.18.1/STM32CubeIDE/plugins/com.st.stm32cube.ide.mcu.externaltools.gnu-tools-for-stm32.13.3.rel1.win32_1.0.0.202411081344/tools/bin/../lib/gcc/arm-none-eabi/13.3.1/../../../../arm-none-eabi/lib/thumb/v7e-m/nofp\libc_nano.a(libc_a-fwalk.o)
                0x080014c8                _fwalk_sglue
 .text.printf   0x08001504       0x24 D:/STM32CubeIDE/STM32CubeIDE_1.18.1/STM32CubeIDE/plugins/com.st.stm32cube.ide.mcu.externaltools.gnu-tools-for-stm32.13.3.rel1.win32_1.0.0.202411081344/tools/bin/../lib/gcc/arm-none-eabi/13.3.1/../../../../arm-none-eabi/lib/thumb/v7e-m/nofp\libc_nano.a(libc_a-printf.o)
                0x08001504                iprintf
                0x08001504                printf
 .text.__sread  0x08001528       0x22 D:/STM32CubeIDE/STM32CubeIDE_1.18.1/STM32CubeIDE/plugins/com.st.stm32cube.ide.mcu.externaltools.gnu-tools-for-stm32.13.3.rel1.win32_1.0.0.202411081344/tools/bin/../lib/gcc/arm-none-eabi/13.3.1/../../../../arm-none-eabi/lib/thumb/v7e-m/nofp\libc_nano.a(libc_a-stdio.o)
                0x08001528                __sread
 .text.__swrite
                0x0800154a       0x38 D:/STM32CubeIDE/STM32CubeIDE_1.18.1/STM32CubeIDE/plugins/com.st.stm32cube.ide.mcu.externaltools.gnu-tools-for-stm32.13.3.rel1.win32_1.0.0.202411081344/tools/bin/../lib/gcc/arm-none-eabi/13.3.1/../../../../arm-none-eabi/lib/thumb/v7e-m/nofp\libc_nano.a(libc_a-stdio.o)
                0x0800154a                __swrite
 .text.__sseek  0x08001582       0x24 D:/STM32CubeIDE/STM32CubeIDE_1.18.1/STM32CubeIDE/plugins/com.st.stm32cube.ide.mcu.externaltools.gnu-tools-for-stm32.13.3.rel1.win32_1.0.0.202411081344/tools/bin/../lib/gcc/arm-none-eabi/13.3.1/../../../../arm-none-eabi/lib/thumb/v7e-m/nofp\libc_nano.a(libc_a-stdio.o)
                0x08001582                __sseek
 .text.__sclose
                0x080015a6        0x8 D:/STM32CubeIDE/STM32CubeIDE_1.18.1/STM32CubeIDE/plugins/com.st.stm32cube.ide.mcu.externaltools.gnu-tools-for-stm32.13.3.rel1.win32_1.0.0.202411081344/tools/bin/../lib/gcc/arm-none-eabi/13.3.1/../../../../arm-none-eabi/lib/thumb/v7e-m/nofp\libc_nano.a(libc_a-stdio.o)
                0x080015a6                __sclose
 .text.memset   0x080015ae       0x10 D:/STM32CubeIDE/STM32CubeIDE_1.18.1/STM32CubeIDE/plugins/com.st.stm32cube.ide.mcu.externaltools.gnu-tools-for-stm32.13.3.rel1.win32_1.0.0.202411081344/tools/bin/../lib/gcc/arm-none-eabi/13.3.1/../../../../arm-none-eabi/lib/thumb/v7e-m/nofp\libc_nano.a(libc_a-memset.o)
                0x080015ae                memset
 *fill*         0x080015be        0x2 
 .text._close_r
                0x080015c0       0x20 D:/STM32CubeIDE/STM32CubeIDE_1.18.1/STM32CubeIDE/plugins/com.st.stm32cube.ide.mcu.externaltools.gnu-tools-for-stm32.13.3.rel1.win32_1.0.0.202411081344/tools/bin/../lib/gcc/arm-none-eabi/13.3.1/../../../../arm-none-eabi/lib/thumb/v7e-m/nofp\libc_nano.a(libc_a-closer.o)
                0x080015c0                _close_r
 .text._lseek_r
                0x080015e0       0x24 D:/STM32CubeIDE/STM32CubeIDE_1.18.1/STM32CubeIDE/plugins/com.st.stm32cube.ide.mcu.externaltools.gnu-tools-for-stm32.13.3.rel1.win32_1.0.0.202411081344/tools/bin/../lib/gcc/arm-none-eabi/13.3.1/../../../../arm-none-eabi/lib/thumb/v7e-m/nofp\libc_nano.a(libc_a-lseekr.o)
                0x080015e0                _lseek_r
 .text._read_r  0x08001604       0x24 D:/STM32CubeIDE/STM32CubeIDE_1.18.1/STM32CubeIDE/plugins/com.st.stm32cube.ide.mcu.externaltools.gnu-tools-for-stm32.13.3.rel1.win32_1.0.0.202411081344/tools/bin/../lib/gcc/arm-none-eabi/13.3.1/../../../../arm-none-eabi/lib/thumb/v7e-m/nofp\libc_nano.a(libc_a-readr.o)
                0x08001604                _read_r
 .text._write_r
                0x08001628       0x24 D:/STM32CubeIDE/STM32CubeIDE_1.18.1/STM32CubeIDE/plugins/com.st.stm32cube.ide.mcu.externaltools.gnu-tools-for-stm32.13.3.rel1.win32_1.0.0.202411081344/tools/bin/../lib/gcc/arm-none-eabi/13.3.1/../../../../arm-none-eabi/lib/thumb/v7e-m/nofp\libc_nano.a(libc_a-writer.o)
                0x08001628                _write_r
 .text.__errno  0x0800164c        0xc D:/STM32CubeIDE/STM32CubeIDE_1.18.1/STM32CubeIDE/plugins/com.st.stm32cube.ide.mcu.externaltools.gnu-tools-for-stm32.13.3.rel1.win32_1.0.0.202411081344/tools/bin/../lib/gcc/arm-none-eabi/13.3.1/../../../../arm-none-eabi/lib/thumb/v7e-m/nofp\libc_nano.a(libc_a-errno.o)
                0x0800164c                __errno
 .text.__libc_init_array
                0x08001658       0x48 D:/STM32CubeIDE/STM32CubeIDE_1.18.1/STM32CubeIDE/plugins/com.st.stm32cube.ide.mcu.externaltools.gnu-tools-for-stm32.13.3.rel1.win32_1.0.0.202411081344/tools/bin/../lib/gcc/arm-none-eabi/13.3.1/../../../../arm-none-eabi/lib/thumb/v7e-m/nofp\libc_nano.a(libc_a-init.o)
                0x08001658                __libc_init_array
 .text.__retarget_lock_init_recursive
                0x080016a0        0x2 D:/STM32CubeIDE/STM32CubeIDE_1.18.1/STM32CubeIDE/plugins/com.st.stm32cube.ide.mcu.externaltools.gnu-tools-for-stm32.13.3.rel1.win32_1.0.0.202411081344/tools/bin/../lib/gcc/arm-none-eabi/13.3.1/../../../../arm-none-eabi/lib/thumb/v7e-m/nofp\libc_nano.a(libc_a-lock.o)
                0x080016a0                __retarget_lock_init_recursive
 .text.__retarget_lock_acquire_recursive
                0x080016a2        0x2 D:/STM32CubeIDE/STM32CubeIDE_1.18.1/STM32CubeIDE/plugins/com.st.stm32cube.ide.mcu.externaltools.gnu-tools-for-stm32.13.3.rel1.win32_1.0.0.202411081344/tools/bin/../lib/gcc/arm-none-eabi/13.3.1/../../../../arm-none-eabi/lib/thumb/v7e-m/nofp\libc_nano.a(libc_a-lock.o)
                0x080016a2                __retarget_lock_acquire_recursive
 .text.__retarget_lock_release_recursive
                0x080016a4        0x2 D:/STM32CubeIDE/STM32CubeIDE_1.18.1/STM32CubeIDE/plugins/com.st.stm32cube.ide.mcu.externaltools.gnu-tools-for-stm32.13.3.rel1.win32_1.0.0.202411081344/tools/bin/../lib/gcc/arm-none-eabi/13.3.1/../../../../arm-none-eabi/lib/thumb/v7e-m/nofp\libc_nano.a(libc_a-lock.o)
                0x080016a4                __retarget_lock_release_recursive
 *fill*         0x080016a6        0x2 
 .text._free_r  0x080016a8       0x94 D:/STM32CubeIDE/STM32CubeIDE_1.18.1/STM32CubeIDE/plugins/com.st.stm32cube.ide.mcu.externaltools.gnu-tools-for-stm32.13.3.rel1.win32_1.0.0.202411081344/tools/bin/../lib/gcc/arm-none-eabi/13.3.1/../../../../arm-none-eabi/lib/thumb/v7e-m/nofp\libc_nano.a(libc_a-freer.o)
                0x080016a8                _free_r
 .text.sbrk_aligned
                0x0800173c       0x44 D:/STM32CubeIDE/STM32CubeIDE_1.18.1/STM32CubeIDE/plugins/com.st.stm32cube.ide.mcu.externaltools.gnu-tools-for-stm32.13.3.rel1.win32_1.0.0.202411081344/tools/bin/../lib/gcc/arm-none-eabi/13.3.1/../../../../arm-none-eabi/lib/thumb/v7e-m/nofp\libc_nano.a(libc_a-mallocr.o)
 .text._malloc_r
                0x08001780      0x100 D:/STM32CubeIDE/STM32CubeIDE_1.18.1/STM32CubeIDE/plugins/com.st.stm32cube.ide.mcu.externaltools.gnu-tools-for-stm32.13.3.rel1.win32_1.0.0.202411081344/tools/bin/../lib/gcc/arm-none-eabi/13.3.1/../../../../arm-none-eabi/lib/thumb/v7e-m/nofp\libc_nano.a(libc_a-mallocr.o)
                0x08001780                _malloc_r
 .text.__malloc_lock
                0x08001880        0xc D:/STM32CubeIDE/STM32CubeIDE_1.18.1/STM32CubeIDE/plugins/com.st.stm32cube.ide.mcu.externaltools.gnu-tools-for-stm32.13.3.rel1.win32_1.0.0.202411081344/tools/bin/../lib/gcc/arm-none-eabi/13.3.1/../../../../arm-none-eabi/lib/thumb/v7e-m/nofp\libc_nano.a(libc_a-mlock.o)
                0x08001880                __malloc_lock
 .text.__malloc_unlock
                0x0800188c        0xc D:/STM32CubeIDE/STM32CubeIDE_1.18.1/STM32CubeIDE/plugins/com.st.stm32cube.ide.mcu.externaltools.gnu-tools-for-stm32.13.3.rel1.win32_1.0.0.202411081344/tools/bin/../lib/gcc/arm-none-eabi/13.3.1/../../../../arm-none-eabi/lib/thumb/v7e-m/nofp\libc_nano.a(libc_a-mlock.o)
                0x0800188c                __malloc_unlock
 .text.__sfputc_r
                0x08001898       0x2a D:/STM32CubeIDE/STM32CubeIDE_1.18.1/STM32CubeIDE/plugins/com.st.stm32cube.ide.mcu.externaltools.gnu-tools-for-stm32.13.3.rel1.win32_1.0.0.202411081344/tools/bin/../lib/gcc/arm-none-eabi/13.3.1/../../../../arm-none-eabi/lib/thumb/v7e-m/nofp\libc_nano.a(libc_a-nano-vfprintf.o)
 .text.__sfputs_r
                0x080018c2       0x24 D:/STM32CubeIDE/STM32CubeIDE_1.18.1/STM32CubeIDE/plugins/com.st.stm32cube.ide.mcu.externaltools.gnu-tools-for-stm32.13.3.rel1.win32_1.0.0.202411081344/tools/bin/../lib/gcc/arm-none-eabi/13.3.1/../../../../arm-none-eabi/lib/thumb/v7e-m/nofp\libc_nano.a(libc_a-nano-vfprintf.o)
                0x080018c2                __sfputs_r
 *fill*         0x080018e6        0x2 
 .text._vfprintf_r
                0x080018e8      0x230 D:/STM32CubeIDE/STM32CubeIDE_1.18.1/STM32CubeIDE/plugins/com.st.stm32cube.ide.mcu.externaltools.gnu-tools-for-stm32.13.3.rel1.win32_1.0.0.202411081344/tools/bin/../lib/gcc/arm-none-eabi/13.3.1/../../../../arm-none-eabi/lib/thumb/v7e-m/nofp\libc_nano.a(libc_a-nano-vfprintf.o)
                0x080018e8                _vfprintf_r
                0x080018e8                _vfiprintf_r
 .text._printf_common
                0x08001b18       0xda D:/STM32CubeIDE/STM32CubeIDE_1.18.1/STM32CubeIDE/plugins/com.st.stm32cube.ide.mcu.externaltools.gnu-tools-for-stm32.13.3.rel1.win32_1.0.0.202411081344/tools/bin/../lib/gcc/arm-none-eabi/13.3.1/../../../../arm-none-eabi/lib/thumb/v7e-m/nofp\libc_nano.a(libc_a-nano-vfprintf_i.o)
                0x08001b18                _printf_common
 *fill*         0x08001bf2        0x2 
 .text._printf_i
                0x08001bf4      0x23c D:/STM32CubeIDE/STM32CubeIDE_1.18.1/STM32CubeIDE/plugins/com.st.stm32cube.ide.mcu.externaltools.gnu-tools-for-stm32.13.3.rel1.win32_1.0.0.202411081344/tools/bin/../lib/gcc/arm-none-eabi/13.3.1/../../../../arm-none-eabi/lib/thumb/v7e-m/nofp\libc_nano.a(libc_a-nano-vfprintf_i.o)
                0x08001bf4                _printf_i
 .text.__sflush_r
                0x08001e30      0x100 D:/STM32CubeIDE/STM32CubeIDE_1.18.1/STM32CubeIDE/plugins/com.st.stm32cube.ide.mcu.externaltools.gnu-tools-for-stm32.13.3.rel1.win32_1.0.0.202411081344/tools/bin/../lib/gcc/arm-none-eabi/13.3.1/../../../../arm-none-eabi/lib/thumb/v7e-m/nofp\libc_nano.a(libc_a-fflush.o)
                0x08001e30                __sflush_r
 .text._fflush_r
                0x08001f30       0x50 D:/STM32CubeIDE/STM32CubeIDE_1.18.1/STM32CubeIDE/plugins/com.st.stm32cube.ide.mcu.externaltools.gnu-tools-for-stm32.13.3.rel1.win32_1.0.0.202411081344/tools/bin/../lib/gcc/arm-none-eabi/13.3.1/../../../../arm-none-eabi/lib/thumb/v7e-m/nofp\libc_nano.a(libc_a-fflush.o)
                0x08001f30                _fflush_r
 .text.__swbuf_r
                0x08001f80       0x7c D:/STM32CubeIDE/STM32CubeIDE_1.18.1/STM32CubeIDE/plugins/com.st.stm32cube.ide.mcu.externaltools.gnu-tools-for-stm32.13.3.rel1.win32_1.0.0.202411081344/tools/bin/../lib/gcc/arm-none-eabi/13.3.1/../../../../arm-none-eabi/lib/thumb/v7e-m/nofp\libc_nano.a(libc_a-wbuf.o)
                0x08001f80                __swbuf_r
 .text.__swsetup_r
                0x08001ffc       0xac D:/STM32CubeIDE/STM32CubeIDE_1.18.1/STM32CubeIDE/plugins/com.st.stm32cube.ide.mcu.externaltools.gnu-tools-for-stm32.13.3.rel1.win32_1.0.0.202411081344/tools/bin/../lib/gcc/arm-none-eabi/13.3.1/../../../../arm-none-eabi/lib/thumb/v7e-m/nofp\libc_nano.a(libc_a-wsetup.o)
                0x08001ffc                __swsetup_r
 .text._sbrk_r  0x080020a8       0x20 D:/STM32CubeIDE/STM32CubeIDE_1.18.1/STM32CubeIDE/plugins/com.st.stm32cube.ide.mcu.externaltools.gnu-tools-for-stm32.13.3.rel1.win32_1.0.0.202411081344/tools/bin/../lib/gcc/arm-none-eabi/13.3.1/../../../../arm-none-eabi/lib/thumb/v7e-m/nofp\libc_nano.a(libc_a-sbrkr.o)
                0x080020a8                _sbrk_r
 .text.__swhatbuf_r
                0x080020c8       0x4c D:/STM32CubeIDE/STM32CubeIDE_1.18.1/STM32CubeIDE/plugins/com.st.stm32cube.ide.mcu.externaltools.gnu-tools-for-stm32.13.3.rel1.win32_1.0.0.202411081344/tools/bin/../lib/gcc/arm-none-eabi/13.3.1/../../../../arm-none-eabi/lib/thumb/v7e-m/nofp\libc_nano.a(libc_a-makebuf.o)
                0x080020c8                __swhatbuf_r
 .text.__smakebuf_r
                0x08002114       0x78 D:/STM32CubeIDE/STM32CubeIDE_1.18.1/STM32CubeIDE/plugins/com.st.stm32cube.ide.mcu.externaltools.gnu-tools-for-stm32.13.3.rel1.win32_1.0.0.202411081344/tools/bin/../lib/gcc/arm-none-eabi/13.3.1/../../../../arm-none-eabi/lib/thumb/v7e-m/nofp\libc_nano.a(libc_a-makebuf.o)
                0x08002114                __smakebuf_r
 .text._fstat_r
                0x0800218c       0x24 D:/STM32CubeIDE/STM32CubeIDE_1.18.1/STM32CubeIDE/plugins/com.st.stm32cube.ide.mcu.externaltools.gnu-tools-for-stm32.13.3.rel1.win32_1.0.0.202411081344/tools/bin/../lib/gcc/arm-none-eabi/13.3.1/../../../../arm-none-eabi/lib/thumb/v7e-m/nofp\libc_nano.a(libc_a-fstatr.o)
                0x0800218c                _fstat_r
 .text._isatty_r
                0x080021b0       0x20 D:/STM32CubeIDE/STM32CubeIDE_1.18.1/STM32CubeIDE/plugins/com.st.stm32cube.ide.mcu.externaltools.gnu-tools-for-stm32.13.3.rel1.win32_1.0.0.202411081344/tools/bin/../lib/gcc/arm-none-eabi/13.3.1/../../../../arm-none-eabi/lib/thumb/v7e-m/nofp\libc_nano.a(libc_a-isattyr.o)
                0x080021b0                _isatty_r
 *(.glue_7)
 .glue_7        0x080021d0        0x0 linker stubs
 *(.glue_7t)
 .glue_7t       0x080021d0        0x0 linker stubs
 *(.eh_frame)
 .eh_frame      0x080021d0        0x0 D:/STM32CubeIDE/STM32CubeIDE_1.18.1/STM32CubeIDE/plugins/com.st.stm32cube.ide.mcu.externaltools.gnu-tools-for-stm32.13.3.rel1.win32_1.0.0.202411081344/tools/bin/../lib/gcc/arm-none-eabi/13.3.1/thumb/v7e-m/nofp/crtbegin.o
 *(.init)
 .init          0x080021d0        0x4 D:/STM32CubeIDE/STM32CubeIDE_1.18.1/STM32CubeIDE/plugins/com.st.stm32cube.ide.mcu.externaltools.gnu-tools-for-stm32.13.3.rel1.win32_1.0.0.202411081344/tools/bin/../lib/gcc/arm-none-eabi/13.3.1/thumb/v7e-m/nofp/crti.o
                0x080021d0                _init
 .init          0x080021d4        0x8 D:/STM32CubeIDE/STM32CubeIDE_1.18.1/STM32CubeIDE/plugins/com.st.stm32cube.ide.mcu.externaltools.gnu-tools-for-stm32.13.3.rel1.win32_1.0.0.202411081344/tools/bin/../lib/gcc/arm-none-eabi/13.3.1/thumb/v7e-m/nofp/crtn.o
 *(.fini)
 .fini          0x080021dc        0x4 D:/STM32CubeIDE/STM32CubeIDE_1.18.1/STM32CubeIDE/plugins/com.st.stm32cube.ide.mcu.externaltools.gnu-tools-for-stm32.13.3.rel1.win32_1.0.0.202411081344/tools/bin/../lib/gcc/arm-none-eabi/13.3.1/thumb/v7e-m/nofp/crti.o
                0x080021dc                _fini
 .fini          0x080021e0        0x8 D:/STM32CubeIDE/STM32CubeIDE_1.18.1/STM32CubeIDE/plugins/com.st.stm32cube.ide.mcu.externaltools.gnu-tools-for-stm32.13.3.rel1.win32_1.0.0.202411081344/tools/bin/../lib/gcc/arm-none-eabi/13.3.1/thumb/v7e-m/nofp/crtn.o
                0x080021e8                        . = ALIGN (0x4)
                0x080021e8                        _etext = .

.vfp11_veneer   0x080021e8        0x0
 .vfp11_veneer  0x080021e8        0x0 linker stubs

.v4_bx          0x080021e8        0x0
 .v4_bx         0x080021e8        0x0 linker stubs

.iplt           0x080021e8        0x0
 .iplt          0x080021e8        0x0 D:/STM32CubeIDE/STM32CubeIDE_1.18.1/STM32CubeIDE/plugins/com.st.stm32cube.ide.mcu.externaltools.gnu-tools-for-stm32.13.3.rel1.win32_1.0.0.202411081344/tools/bin/../lib/gcc/arm-none-eabi/13.3.1/thumb/v7e-m/nofp/crtbegin.o

.rodata         0x080021e8       0x44
                0x080021e8                        . = ALIGN (0x4)
 *(.rodata)
 .rodata        0x080021e8       0x10 ./Src/007spi_msg_rcv_it.o
 *(.rodata*)
 .rodata._vfprintf_r.str1.1
                0x080021f8       0x33 D:/STM32CubeIDE/STM32CubeIDE_1.18.1/STM32CubeIDE/plugins/com.st.stm32cube.ide.mcu.externaltools.gnu-tools-for-stm32.13.3.rel1.win32_1.0.0.202411081344/tools/bin/../lib/gcc/arm-none-eabi/13.3.1/../../../../arm-none-eabi/lib/thumb/v7e-m/nofp\libc_nano.a(libc_a-nano-vfprintf.o)
                                 0x11 (size before relaxing)
 .rodata._printf_i.str1.1
                0x0800222b       0x22 D:/STM32CubeIDE/STM32CubeIDE_1.18.1/STM32CubeIDE/plugins/com.st.stm32cube.ide.mcu.externaltools.gnu-tools-for-stm32.13.3.rel1.win32_1.0.0.202411081344/tools/bin/../lib/gcc/arm-none-eabi/13.3.1/../../../../arm-none-eabi/lib/thumb/v7e-m/nofp\libc_nano.a(libc_a-nano-vfprintf_i.o)
                0x08002250                        . = ALIGN (0x4)
 *fill*         0x0800222b        0x1 

.ARM.extab      0x0800222c        0x0
                0x0800222c                        . = ALIGN (0x4)
 *(.ARM.extab* .gnu.linkonce.armextab.*)
                0x0800222c                        . = ALIGN (0x4)

.ARM            0x0800222c        0x8
                0x0800222c                        . = ALIGN (0x4)
                0x0800222c                        __exidx_start = .
 *(.ARM.exidx*)
 .ARM.exidx     0x0800222c        0x8 D:/STM32CubeIDE/STM32CubeIDE_1.18.1/STM32CubeIDE/plugins/com.st.stm32cube.ide.mcu.externaltools.gnu-tools-for-stm32.13.3.rel1.win32_1.0.0.202411081344/tools/bin/../lib/gcc/arm-none-eabi/13.3.1/../../../../arm-none-eabi/lib/thumb/v7e-m/nofp\libc_nano.a(libc_a-memchr.o)
                0x08002234                        __exidx_end = .
                0x08002234                        . = ALIGN (0x4)

.preinit_array  0x08002234        0x0
                0x08002234                        . = ALIGN (0x4)
                0x08002234                        PROVIDE (__preinit_array_start = .)
 *(.preinit_array*)
                0x08002234                        PROVIDE (__preinit_array_end = .)
                0x08002234                        . = ALIGN (0x4)

.init_array     0x08002234        0x4
                0x08002234                        . = ALIGN (0x4)
                0x08002234                        PROVIDE (__init_array_start = .)
 *(SORT_BY_NAME(.init_array.*))
 *(.init_array*)
 .init_array    0x08002234        0x4 D:/STM32CubeIDE/STM32CubeIDE_1.18.1/STM32CubeIDE/plugins/com.st.stm32cube.ide.mcu.externaltools.gnu-tools-for-stm32.13.3.rel1.win32_1.0.0.202411081344/tools/bin/../lib/gcc/arm-none-eabi/13.3.1/thumb/v7e-m/nofp/crtbegin.o
                0x08002238                        PROVIDE (__init_array_end = .)
                0x08002238                        . = ALIGN (0x4)

.fini_array     0x08002238        0x4
                0x08002238                        . = ALIGN (0x4)
                [!provide]                        PROVIDE (__fini_array_start = .)
 *(SORT_BY_NAME(.fini_array.*))
 *(.fini_array*)
 .fini_array    0x08002238        0x4 D:/STM32CubeIDE/STM32CubeIDE_1.18.1/STM32CubeIDE/plugins/com.st.stm32cube.ide.mcu.externaltools.gnu-tools-for-stm32.13.3.rel1.win32_1.0.0.202411081344/tools/bin/../lib/gcc/arm-none-eabi/13.3.1/thumb/v7e-m/nofp/crtbegin.o
                [!provide]                        PROVIDE (__fini_array_end = .)
                0x0800223c                        . = ALIGN (0x4)
                0x0800223c                        _sidata = LOADADDR (.data)

.rel.dyn        0x0800223c        0x0
 .rel.iplt      0x0800223c        0x0 D:/STM32CubeIDE/STM32CubeIDE_1.18.1/STM32CubeIDE/plugins/com.st.stm32cube.ide.mcu.externaltools.gnu-tools-for-stm32.13.3.rel1.win32_1.0.0.202411081344/tools/bin/../lib/gcc/arm-none-eabi/13.3.1/thumb/v7e-m/nofp/crtbegin.o

.data           0x20000000       0x5c load address 0x0800223c
                0x20000000                        . = ALIGN (0x4)
                0x20000000                        _sdata = .
 *(.data)
 *(.data*)
 .data.__sglue  0x20000000        0xc D:/STM32CubeIDE/STM32CubeIDE_1.18.1/STM32CubeIDE/plugins/com.st.stm32cube.ide.mcu.externaltools.gnu-tools-for-stm32.13.3.rel1.win32_1.0.0.202411081344/tools/bin/../lib/gcc/arm-none-eabi/13.3.1/../../../../arm-none-eabi/lib/thumb/v7e-m/nofp\libc_nano.a(libc_a-findfp.o)
                0x20000000                __sglue
 .data._impure_ptr
                0x2000000c        0x4 D:/STM32CubeIDE/STM32CubeIDE_1.18.1/STM32CubeIDE/plugins/com.st.stm32cube.ide.mcu.externaltools.gnu-tools-for-stm32.13.3.rel1.win32_1.0.0.202411081344/tools/bin/../lib/gcc/arm-none-eabi/13.3.1/../../../../arm-none-eabi/lib/thumb/v7e-m/nofp\libc_nano.a(libc_a-impure.o)
                0x2000000c                _impure_ptr
 .data._impure_data
                0x20000010       0x4c D:/STM32CubeIDE/STM32CubeIDE_1.18.1/STM32CubeIDE/plugins/com.st.stm32cube.ide.mcu.externaltools.gnu-tools-for-stm32.13.3.rel1.win32_1.0.0.202411081344/tools/bin/../lib/gcc/arm-none-eabi/13.3.1/../../../../arm-none-eabi/lib/thumb/v7e-m/nofp\libc_nano.a(libc_a-impure.o)
                0x20000010                _impure_data
 *(.RamFunc)
 *(.RamFunc*)
                0x2000005c                        . = ALIGN (0x4)
                0x2000005c                        _edata = .
                0x08002298                        _sisram2 = LOADADDR (.sram2)

.igot.plt       0x2000005c        0x0 load address 0x08002298
 .igot.plt      0x2000005c        0x0 D:/STM32CubeIDE/STM32CubeIDE_1.18.1/STM32CubeIDE/plugins/com.st.stm32cube.ide.mcu.externaltools.gnu-tools-for-stm32.13.3.rel1.win32_1.0.0.202411081344/tools/bin/../lib/gcc/arm-none-eabi/13.3.1/thumb/v7e-m/nofp/crtbegin.o

.sram2          0x10000000        0x0 load address 0x08002298
                0x10000000                        . = ALIGN (0x4)
                0x10000000                        _ssram2 = .
 *(.sram2)
 *(.sram2*)
                0x10000000                        . = ALIGN (0x4)
                0x10000000                        _esram2 = .
                0x10000000                        . = ALIGN (0x4)

.bss            0x2000005c      0x38c
                0x2000005c                        _sbss = .
                0x2000005c                        __bss_start__ = _sbss
 *(.bss)
 .bss           0x2000005c       0x1c D:/STM32CubeIDE/STM32CubeIDE_1.18.1/STM32CubeIDE/plugins/com.st.stm32cube.ide.mcu.externaltools.gnu-tools-for-stm32.13.3.rel1.win32_1.0.0.202411081344/tools/bin/../lib/gcc/arm-none-eabi/13.3.1/thumb/v7e-m/nofp/crtbegin.o
 *(.bss*)
 .bss.RcvBuff   0x20000078      0x1f4 ./Src/007spi_msg_rcv_it.o
                0x20000078                RcvBuff
 .bss.ReadByte  0x2000026c        0x1 ./Src/007spi_msg_rcv_it.o
                0x2000026c                ReadByte
 *fill*         0x2000026d        0x3 
 .bss.SPI1handle
                0x20000270       0x20 ./Src/007spi_msg_rcv_it.o
                0x20000270                SPI1handle
 .bss.rcvStop   0x20000290        0x1 ./Src/007spi_msg_rcv_it.o
                0x20000290                rcvStop
 .bss.dataAvailable
                0x20000291        0x1 ./Src/007spi_msg_rcv_it.o
                0x20000291                dataAvailable
 *fill*         0x20000292        0x2 
 .bss.i.0       0x20000294        0x4 ./Src/007spi_msg_rcv_it.o
 .bss.__sbrk_heap_end
                0x20000298        0x4 ./Src/sysmem.o
 .bss.__sf      0x2000029c      0x138 D:/STM32CubeIDE/STM32CubeIDE_1.18.1/STM32CubeIDE/plugins/com.st.stm32cube.ide.mcu.externaltools.gnu-tools-for-stm32.13.3.rel1.win32_1.0.0.202411081344/tools/bin/../lib/gcc/arm-none-eabi/13.3.1/../../../../arm-none-eabi/lib/thumb/v7e-m/nofp\libc_nano.a(libc_a-findfp.o)
                0x2000029c                __sf
 .bss.__stdio_exit_handler
                0x200003d4        0x4 D:/STM32CubeIDE/STM32CubeIDE_1.18.1/STM32CubeIDE/plugins/com.st.stm32cube.ide.mcu.externaltools.gnu-tools-for-stm32.13.3.rel1.win32_1.0.0.202411081344/tools/bin/../lib/gcc/arm-none-eabi/13.3.1/../../../../arm-none-eabi/lib/thumb/v7e-m/nofp\libc_nano.a(libc_a-findfp.o)
                0x200003d4                __stdio_exit_handler
 .bss.errno     0x200003d8        0x4 D:/STM32CubeIDE/STM32CubeIDE_1.18.1/STM32CubeIDE/plugins/com.st.stm32cube.ide.mcu.externaltools.gnu-tools-for-stm32.13.3.rel1.win32_1.0.0.202411081344/tools/bin/../lib/gcc/arm-none-eabi/13.3.1/../../../../arm-none-eabi/lib/thumb/v7e-m/nofp\libc_nano.a(libc_a-reent.o)
                0x200003d8                errno
 .bss.__lock___malloc_recursive_mutex
                0x200003dc        0x1 D:/STM32CubeIDE/STM32CubeIDE_1.18.1/STM32CubeIDE/plugins/com.st.stm32cube.ide.mcu.externaltools.gnu-tools-for-stm32.13.3.rel1.win32_1.0.0.202411081344/tools/bin/../lib/gcc/arm-none-eabi/13.3.1/../../../../arm-none-eabi/lib/thumb/v7e-m/nofp\libc_nano.a(libc_a-lock.o)
                0x200003dc                __lock___malloc_recursive_mutex
 .bss.__lock___sfp_recursive_mutex
                0x200003dd        0x1 D:/STM32CubeIDE/STM32CubeIDE_1.18.1/STM32CubeIDE/plugins/com.st.stm32cube.ide.mcu.externaltools.gnu-tools-for-stm32.13.3.rel1.win32_1.0.0.202411081344/tools/bin/../lib/gcc/arm-none-eabi/13.3.1/../../../../arm-none-eabi/lib/thumb/v7e-m/nofp\libc_nano.a(libc_a-lock.o)
                0x200003dd                __lock___sfp_recursive_mutex
 *fill*         0x200003de        0x2 
 .bss.__malloc_sbrk_start
                0x200003e0        0x4 D:/STM32CubeIDE/STM32CubeIDE_1.18.1/STM32CubeIDE/plugins/com.st.stm32cube.ide.mcu.externaltools.gnu-tools-for-stm32.13.3.rel1.win32_1.0.0.202411081344/tools/bin/../lib/gcc/arm-none-eabi/13.3.1/../../../../arm-none-eabi/lib/thumb/v7e-m/nofp\libc_nano.a(libc_a-mallocr.o)
                0x200003e0                __malloc_sbrk_start
 .bss.__malloc_free_list
                0x200003e4        0x4 D:/STM32CubeIDE/STM32CubeIDE_1.18.1/STM32CubeIDE/plugins/com.st.stm32cube.ide.mcu.externaltools.gnu-tools-for-stm32.13.3.rel1.win32_1.0.0.202411081344/tools/bin/../lib/gcc/arm-none-eabi/13.3.1/../../../../arm-none-eabi/lib/thumb/v7e-m/nofp\libc_nano.a(libc_a-mallocr.o)
                0x200003e4                __malloc_free_list
 *(COMMON)
                0x200003e8                        . = ALIGN (0x4)
                0x200003e8                        _ebss = .
                0x200003e8                        __bss_end__ = _ebss

._user_heap_stack
                0x200003e8      0x600
                0x200003e8                        . = ALIGN (0x8)
                [!provide]                        PROVIDE (end = .)
                0x200003e8                        PROVIDE (_end = .)
                0x200005e8                        . = (. + _Min_Heap_Size)
 *fill*         0x200003e8      0x200 
                0x200009e8                        . = (. + _Min_Stack_Size)
 *fill*         0x200005e8      0x400 
                0x200009e8                        . = ALIGN (0x8)

/DISCARD/
 libc.a(*)
 libm.a(*)
 libgcc.a(*)

.ARM.attributes
                0x00000000       0x2a
 *(.ARM.attributes)
 .ARM.attributes
                0x00000000       0x1e D:/STM32CubeIDE/STM32CubeIDE_1.18.1/STM32CubeIDE/plugins/com.st.stm32cube.ide.mcu.externaltools.gnu-tools-for-stm32.13.3.rel1.win32_1.0.0.202411081344/tools/bin/../lib/gcc/arm-none-eabi/13.3.1/thumb/v7e-m/nofp/crti.o
 .ARM.attributes
                0x0000001e       0x2e D:/STM32CubeIDE/STM32CubeIDE_1.18.1/STM32CubeIDE/plugins/com.st.stm32cube.ide.mcu.externaltools.gnu-tools-for-stm32.13.3.rel1.win32_1.0.0.202411081344/tools/bin/../lib/gcc/arm-none-eabi/13.3.1/thumb/v7e-m/nofp/crtbegin.o
 .ARM.attributes
                0x0000004c       0x2e ./Src/007spi_msg_rcv_it.o
 .ARM.attributes
                0x0000007a       0x2e ./Src/syscalls.o
 .ARM.attributes
                0x000000a8       0x2e ./Src/sysmem.o
 .ARM.attributes
                0x000000d6       0x21 ./Startup/startup_stm32l496zgtxp.o
 .ARM.attributes
                0x000000f7       0x2e ./drivers/Src/stm32l496xx_gpio.o
 .ARM.attributes
                0x00000125       0x2e ./drivers/Src/stm32l496xx_spi.o
 .ARM.attributes
                0x00000153       0x2e D:/STM32CubeIDE/STM32CubeIDE_1.18.1/STM32CubeIDE/plugins/com.st.stm32cube.ide.mcu.externaltools.gnu-tools-for-stm32.13.3.rel1.win32_1.0.0.202411081344/tools/bin/../lib/gcc/arm-none-eabi/13.3.1/../../../../arm-none-eabi/lib/thumb/v7e-m/nofp\libc_nano.a(libc_a-findfp.o)
 .ARM.attributes
                0x00000181       0x2e D:/STM32CubeIDE/STM32CubeIDE_1.18.1/STM32CubeIDE/plugins/com.st.stm32cube.ide.mcu.externaltools.gnu-tools-for-stm32.13.3.rel1.win32_1.0.0.202411081344/tools/bin/../lib/gcc/arm-none-eabi/13.3.1/../../../../arm-none-eabi/lib/thumb/v7e-m/nofp\libc_nano.a(libc_a-fwalk.o)
 .ARM.attributes
                0x000001af       0x2e D:/STM32CubeIDE/STM32CubeIDE_1.18.1/STM32CubeIDE/plugins/com.st.stm32cube.ide.mcu.externaltools.gnu-tools-for-stm32.13.3.rel1.win32_1.0.0.202411081344/tools/bin/../lib/gcc/arm-none-eabi/13.3.1/../../../../arm-none-eabi/lib/thumb/v7e-m/nofp\libc_nano.a(libc_a-printf.o)
 .ARM.attributes
                0x000001dd       0x2e D:/STM32CubeIDE/STM32CubeIDE_1.18.1/STM32CubeIDE/plugins/com.st.stm32cube.ide.mcu.externaltools.gnu-tools-for-stm32.13.3.rel1.win32_1.0.0.202411081344/tools/bin/../lib/gcc/arm-none-eabi/13.3.1/../../../../arm-none-eabi/lib/thumb/v7e-m/nofp\libc_nano.a(libc_a-stdio.o)
 .ARM.attributes
                0x0000020b       0x2e D:/STM32CubeIDE/STM32CubeIDE_1.18.1/STM32CubeIDE/plugins/com.st.stm32cube.ide.mcu.externaltools.gnu-tools-for-stm32.13.3.rel1.win32_1.0.0.202411081344/tools/bin/../lib/gcc/arm-none-eabi/13.3.1/../../../../arm-none-eabi/lib/thumb/v7e-m/nofp\libc_nano.a(libc_a-memset.o)
 .ARM.attributes
                0x00000239       0x2e D:/STM32CubeIDE/STM32CubeIDE_1.18.1/STM32CubeIDE/plugins/com.st.stm32cube.ide.mcu.externaltools.gnu-tools-for-stm32.13.3.rel1.win32_1.0.0.202411081344/tools/bin/../lib/gcc/arm-none-eabi/13.3.1/../../../../arm-none-eabi/lib/thumb/v7e-m/nofp\libc_nano.a(libc_a-closer.o)
 .ARM.attributes
                0x00000267       0x2e D:/STM32CubeIDE/STM32CubeIDE_1.18.1/STM32CubeIDE/plugins/com.st.stm32cube.ide.mcu.externaltools.gnu-tools-for-stm32.13.3.rel1.win32_1.0.0.202411081344/tools/bin/../lib/gcc/arm-none-eabi/13.3.1/../../../../arm-none-eabi/lib/thumb/v7e-m/nofp\libc_nano.a(libc_a-reent.o)
 .ARM.attributes
                0x00000295       0x2e D:/STM32CubeIDE/STM32CubeIDE_1.18.1/STM32CubeIDE/plugins/com.st.stm32cube.ide.mcu.externaltools.gnu-tools-for-stm32.13.3.rel1.win32_1.0.0.202411081344/tools/bin/../lib/gcc/arm-none-eabi/13.3.1/../../../../arm-none-eabi/lib/thumb/v7e-m/nofp\libc_nano.a(libc_a-impure.o)
 .ARM.attributes
                0x000002c3       0x2e D:/STM32CubeIDE/STM32CubeIDE_1.18.1/STM32CubeIDE/plugins/com.st.stm32cube.ide.mcu.externaltools.gnu-tools-for-stm32.13.3.rel1.win32_1.0.0.202411081344/tools/bin/../lib/gcc/arm-none-eabi/13.3.1/../../../../arm-none-eabi/lib/thumb/v7e-m/nofp\libc_nano.a(libc_a-lseekr.o)
 .ARM.attributes
                0x000002f1       0x2e D:/STM32CubeIDE/STM32CubeIDE_1.18.1/STM32CubeIDE/plugins/com.st.stm32cube.ide.mcu.externaltools.gnu-tools-for-stm32.13.3.rel1.win32_1.0.0.202411081344/tools/bin/../lib/gcc/arm-none-eabi/13.3.1/../../../../arm-none-eabi/lib/thumb/v7e-m/nofp\libc_nano.a(libc_a-readr.o)
 .ARM.attributes
                0x0000031f       0x2e D:/STM32CubeIDE/STM32CubeIDE_1.18.1/STM32CubeIDE/plugins/com.st.stm32cube.ide.mcu.externaltools.gnu-tools-for-stm32.13.3.rel1.win32_1.0.0.202411081344/tools/bin/../lib/gcc/arm-none-eabi/13.3.1/../../../../arm-none-eabi/lib/thumb/v7e-m/nofp\libc_nano.a(libc_a-writer.o)
 .ARM.attributes
                0x0000034d       0x2e D:/STM32CubeIDE/STM32CubeIDE_1.18.1/STM32CubeIDE/plugins/com.st.stm32cube.ide.mcu.externaltools.gnu-tools-for-stm32.13.3.rel1.win32_1.0.0.202411081344/tools/bin/../lib/gcc/arm-none-eabi/13.3.1/../../../../arm-none-eabi/lib/thumb/v7e-m/nofp\libc_nano.a(libc_a-errno.o)
 .ARM.attributes
                0x0000037b       0x2e D:/STM32CubeIDE/STM32CubeIDE_1.18.1/STM32CubeIDE/plugins/com.st.stm32cube.ide.mcu.externaltools.gnu-tools-for-stm32.13.3.rel1.win32_1.0.0.202411081344/tools/bin/../lib/gcc/arm-none-eabi/13.3.1/../../../../arm-none-eabi/lib/thumb/v7e-m/nofp\libc_nano.a(libc_a-init.o)
 .ARM.attributes
                0x000003a9       0x2e D:/STM32CubeIDE/STM32CubeIDE_1.18.1/STM32CubeIDE/plugins/com.st.stm32cube.ide.mcu.externaltools.gnu-tools-for-stm32.13.3.rel1.win32_1.0.0.202411081344/tools/bin/../lib/gcc/arm-none-eabi/13.3.1/../../../../arm-none-eabi/lib/thumb/v7e-m/nofp\libc_nano.a(libc_a-lock.o)
 .ARM.attributes
                0x000003d7       0x2e D:/STM32CubeIDE/STM32CubeIDE_1.18.1/STM32CubeIDE/plugins/com.st.stm32cube.ide.mcu.externaltools.gnu-tools-for-stm32.13.3.rel1.win32_1.0.0.202411081344/tools/bin/../lib/gcc/arm-none-eabi/13.3.1/../../../../arm-none-eabi/lib/thumb/v7e-m/nofp\libc_nano.a(libc_a-freer.o)
 .ARM.attributes
                0x00000405       0x2e D:/STM32CubeIDE/STM32CubeIDE_1.18.1/STM32CubeIDE/plugins/com.st.stm32cube.ide.mcu.externaltools.gnu-tools-for-stm32.13.3.rel1.win32_1.0.0.202411081344/tools/bin/../lib/gcc/arm-none-eabi/13.3.1/../../../../arm-none-eabi/lib/thumb/v7e-m/nofp\libc_nano.a(libc_a-mallocr.o)
 .ARM.attributes
                0x00000433       0x2e D:/STM32CubeIDE/STM32CubeIDE_1.18.1/STM32CubeIDE/plugins/com.st.stm32cube.ide.mcu.externaltools.gnu-tools-for-stm32.13.3.rel1.win32_1.0.0.202411081344/tools/bin/../lib/gcc/arm-none-eabi/13.3.1/../../../../arm-none-eabi/lib/thumb/v7e-m/nofp\libc_nano.a(libc_a-mlock.o)
 .ARM.attributes
                0x00000461       0x2e D:/STM32CubeIDE/STM32CubeIDE_1.18.1/STM32CubeIDE/plugins/com.st.stm32cube.ide.mcu.externaltools.gnu-tools-for-stm32.13.3.rel1.win32_1.0.0.202411081344/tools/bin/../lib/gcc/arm-none-eabi/13.3.1/../../../../arm-none-eabi/lib/thumb/v7e-m/nofp\libc_nano.a(libc_a-nano-vfprintf.o)
 .ARM.attributes
                0x0000048f       0x2e D:/STM32CubeIDE/STM32CubeIDE_1.18.1/STM32CubeIDE/plugins/com.st.stm32cube.ide.mcu.externaltools.gnu-tools-for-stm32.13.3.rel1.win32_1.0.0.202411081344/tools/bin/../lib/gcc/arm-none-eabi/13.3.1/../../../../arm-none-eabi/lib/thumb/v7e-m/nofp\libc_nano.a(libc_a-nano-vfprintf_i.o)
 .ARM.attributes
                0x000004bd       0x2e D:/STM32CubeIDE/STM32CubeIDE_1.18.1/STM32CubeIDE/plugins/com.st.stm32cube.ide.mcu.externaltools.gnu-tools-for-stm32.13.3.rel1.win32_1.0.0.202411081344/tools/bin/../lib/gcc/arm-none-eabi/13.3.1/../../../../arm-none-eabi/lib/thumb/v7e-m/nofp\libc_nano.a(libc_a-fflush.o)
 .ARM.attributes
                0x000004eb       0x2e D:/STM32CubeIDE/STM32CubeIDE_1.18.1/STM32CubeIDE/plugins/com.st.stm32cube.ide.mcu.externaltools.gnu-tools-for-stm32.13.3.rel1.win32_1.0.0.202411081344/tools/bin/../lib/gcc/arm-none-eabi/13.3.1/../../../../arm-none-eabi/lib/thumb/v7e-m/nofp\libc_nano.a(libc_a-wbuf.o)
 .ARM.attributes
                0x00000519       0x2e D:/STM32CubeIDE/STM32CubeIDE_1.18.1/STM32CubeIDE/plugins/com.st.stm32cube.ide.mcu.externaltools.gnu-tools-for-stm32.13.3.rel1.win32_1.0.0.202411081344/tools/bin/../lib/gcc/arm-none-eabi/13.3.1/../../../../arm-none-eabi/lib/thumb/v7e-m/nofp\libc_nano.a(libc_a-wsetup.o)
 .ARM.attributes
                0x00000547       0x2e D:/STM32CubeIDE/STM32CubeIDE_1.18.1/STM32CubeIDE/plugins/com.st.stm32cube.ide.mcu.externaltools.gnu-tools-for-stm32.13.3.rel1.win32_1.0.0.202411081344/tools/bin/../lib/gcc/arm-none-eabi/13.3.1/../../../../arm-none-eabi/lib/thumb/v7e-m/nofp\libc_nano.a(libc_a-sbrkr.o)
 .ARM.attributes
                0x00000575       0x1c D:/STM32CubeIDE/STM32CubeIDE_1.18.1/STM32CubeIDE/plugins/com.st.stm32cube.ide.mcu.externaltools.gnu-tools-for-stm32.13.3.rel1.win32_1.0.0.202411081344/tools/bin/../lib/gcc/arm-none-eabi/13.3.1/../../../../arm-none-eabi/lib/thumb/v7e-m/nofp\libc_nano.a(libc_a-memchr.o)
 .ARM.attributes
                0x00000591       0x2e D:/STM32CubeIDE/STM32CubeIDE_1.18.1/STM32CubeIDE/plugins/com.st.stm32cube.ide.mcu.externaltools.gnu-tools-for-stm32.13.3.rel1.win32_1.0.0.202411081344/tools/bin/../lib/gcc/arm-none-eabi/13.3.1/../../../../arm-none-eabi/lib/thumb/v7e-m/nofp\libc_nano.a(libc_a-makebuf.o)
 .ARM.attributes
                0x000005bf       0x2e D:/STM32CubeIDE/STM32CubeIDE_1.18.1/STM32CubeIDE/plugins/com.st.stm32cube.ide.mcu.externaltools.gnu-tools-for-stm32.13.3.rel1.win32_1.0.0.202411081344/tools/bin/../lib/gcc/arm-none-eabi/13.3.1/../../../../arm-none-eabi/lib/thumb/v7e-m/nofp\libc_nano.a(libc_a-fstatr.o)
 .ARM.attributes
                0x000005ed       0x2e D:/STM32CubeIDE/STM32CubeIDE_1.18.1/STM32CubeIDE/plugins/com.st.stm32cube.ide.mcu.externaltools.gnu-tools-for-stm32.13.3.rel1.win32_1.0.0.202411081344/tools/bin/../lib/gcc/arm-none-eabi/13.3.1/../../../../arm-none-eabi/lib/thumb/v7e-m/nofp\libc_nano.a(libc_a-isattyr.o)
 .ARM.attributes
                0x0000061b       0x1e D:/STM32CubeIDE/STM32CubeIDE_1.18.1/STM32CubeIDE/plugins/com.st.stm32cube.ide.mcu.externaltools.gnu-tools-for-stm32.13.3.rel1.win32_1.0.0.202411081344/tools/bin/../lib/gcc/arm-none-eabi/13.3.1/thumb/v7e-m/nofp/crtn.o
OUTPUT(stm32l4xx_drivers.elf elf32-littlearm)
LOAD linker stubs
LOAD D:/STM32CubeIDE/STM32CubeIDE_1.18.1/STM32CubeIDE/plugins/com.st.stm32cube.ide.mcu.externaltools.gnu-tools-for-stm32.13.3.rel1.win32_1.0.0.202411081344/tools/bin/../lib/gcc/arm-none-eabi/13.3.1/../../../../arm-none-eabi/lib/thumb/v7e-m/nofp\libc.a
LOAD D:/STM32CubeIDE/STM32CubeIDE_1.18.1/STM32CubeIDE/plugins/com.st.stm32cube.ide.mcu.externaltools.gnu-tools-for-stm32.13.3.rel1.win32_1.0.0.202411081344/tools/bin/../lib/gcc/arm-none-eabi/13.3.1/../../../../arm-none-eabi/lib/thumb/v7e-m/nofp\libm.a
LOAD D:/STM32CubeIDE/STM32CubeIDE_1.18.1/STM32CubeIDE/plugins/com.st.stm32cube.ide.mcu.externaltools.gnu-tools-for-stm32.13.3.rel1.win32_1.0.0.202411081344/tools/bin/../lib/gcc/arm-none-eabi/13.3.1/thumb/v7e-m/nofp\libgcc.a

.debug_info     0x00000000     0x203a
 .debug_info    0x00000000      0x653 ./Src/007spi_msg_rcv_it.o
 .debug_info    0x00000653      0x6d1 ./Src/syscalls.o
 .debug_info    0x00000d24      0x168 ./Src/sysmem.o
 .debug_info    0x00000e8c       0x30 ./Startup/startup_stm32l496zgtxp.o
 .debug_info    0x00000ebc      0x80c ./drivers/Src/stm32l496xx_gpio.o
 .debug_info    0x000016c8      0x972 ./drivers/Src/stm32l496xx_spi.o

.debug_abbrev   0x00000000      0x809
 .debug_abbrev  0x00000000      0x214 ./Src/007spi_msg_rcv_it.o
 .debug_abbrev  0x00000214      0x1b1 ./Src/syscalls.o
 .debug_abbrev  0x000003c5       0xbc ./Src/sysmem.o
 .debug_abbrev  0x00000481       0x24 ./Startup/startup_stm32l496zgtxp.o
 .debug_abbrev  0x000004a5      0x17b ./drivers/Src/stm32l496xx_gpio.o
 .debug_abbrev  0x00000620      0x1e9 ./drivers/Src/stm32l496xx_spi.o

.debug_aranges  0x00000000      0x288
 .debug_aranges
                0x00000000       0x58 ./Src/007spi_msg_rcv_it.o
 .debug_aranges
                0x00000058       0xb0 ./Src/syscalls.o
 .debug_aranges
                0x00000108       0x20 ./Src/sysmem.o
 .debug_aranges
                0x00000128       0x28 ./Startup/startup_stm32l496zgtxp.o
 .debug_aranges
                0x00000150       0x70 ./drivers/Src/stm32l496xx_gpio.o
 .debug_aranges
                0x000001c0       0xc8 ./drivers/Src/stm32l496xx_spi.o

.debug_rnglists
                0x00000000      0x1d6
 .debug_rnglists
                0x00000000       0x3e ./Src/007spi_msg_rcv_it.o
 .debug_rnglists
                0x0000003e       0x7f ./Src/syscalls.o
 .debug_rnglists
                0x000000bd       0x13 ./Src/sysmem.o
 .debug_rnglists
                0x000000d0       0x19 ./Startup/startup_stm32l496zgtxp.o
 .debug_rnglists
                0x000000e9       0x53 ./drivers/Src/stm32l496xx_gpio.o
 .debug_rnglists
                0x0000013c       0x9a ./drivers/Src/stm32l496xx_spi.o

.debug_macro    0x00000000     0x3691
 .debug_macro   0x00000000      0x1a1 ./Src/007spi_msg_rcv_it.o
 .debug_macro   0x000001a1      0xad8 ./Src/007spi_msg_rcv_it.o
 .debug_macro   0x00000c79       0x22 ./Src/007spi_msg_rcv_it.o
 .debug_macro   0x00000c9b       0x5b ./Src/007spi_msg_rcv_it.o
 .debug_macro   0x00000cf6       0x24 ./Src/007spi_msg_rcv_it.o
 .debug_macro   0x00000d1a       0x94 ./Src/007spi_msg_rcv_it.o
 .debug_macro   0x00000dae       0x43 ./Src/007spi_msg_rcv_it.o
 .debug_macro   0x00000df1       0x34 ./Src/007spi_msg_rcv_it.o
 .debug_macro   0x00000e25       0x16 ./Src/007spi_msg_rcv_it.o
 .debug_macro   0x00000e3b       0x57 ./Src/007spi_msg_rcv_it.o
 .debug_macro   0x00000e92       0x9e ./Src/007spi_msg_rcv_it.o
 .debug_macro   0x00000f30      0x370 ./Src/007spi_msg_rcv_it.o
 .debug_macro   0x000012a0      0x112 ./Src/007spi_msg_rcv_it.o
 .debug_macro   0x000013b2       0x10 ./Src/007spi_msg_rcv_it.o
 .debug_macro   0x000013c2       0x16 ./Src/007spi_msg_rcv_it.o
 .debug_macro   0x000013d8       0x4a ./Src/007spi_msg_rcv_it.o
 .debug_macro   0x00001422       0x34 ./Src/007spi_msg_rcv_it.o
 .debug_macro   0x00001456       0x10 ./Src/007spi_msg_rcv_it.o
 .debug_macro   0x00001466       0x58 ./Src/007spi_msg_rcv_it.o
 .debug_macro   0x000014be       0x8e ./Src/007spi_msg_rcv_it.o
 .debug_macro   0x0000154c       0x1c ./Src/007spi_msg_rcv_it.o
 .debug_macro   0x00001568      0x185 ./Src/007spi_msg_rcv_it.o
 .debug_macro   0x000016ed       0x16 ./Src/007spi_msg_rcv_it.o
 .debug_macro   0x00001703       0x16 ./Src/007spi_msg_rcv_it.o
 .debug_macro   0x00001719      0x146 ./Src/007spi_msg_rcv_it.o
 .debug_macro   0x0000185f       0x16 ./Src/007spi_msg_rcv_it.o
 .debug_macro   0x00001875       0x3c ./Src/007spi_msg_rcv_it.o
 .debug_macro   0x000018b1       0x20 ./Src/007spi_msg_rcv_it.o
 .debug_macro   0x000018d1      0x103 ./Src/007spi_msg_rcv_it.o
 .debug_macro   0x000019d4       0x6a ./Src/007spi_msg_rcv_it.o
 .debug_macro   0x00001a3e      0x1df ./Src/007spi_msg_rcv_it.o
 .debug_macro   0x00001c1d      0x4df ./Src/007spi_msg_rcv_it.o
 .debug_macro   0x000020fc       0xc4 ./Src/007spi_msg_rcv_it.o
 .debug_macro   0x000021c0      0x127 ./Src/007spi_msg_rcv_it.o
 .debug_macro   0x000022e7      0x286 ./Src/syscalls.o
 .debug_macro   0x0000256d      0x190 ./Src/syscalls.o
 .debug_macro   0x000026fd       0x10 ./Src/syscalls.o
 .debug_macro   0x0000270d       0x10 ./Src/syscalls.o
 .debug_macro   0x0000271d       0x10 ./Src/syscalls.o
 .debug_macro   0x0000272d       0x10 ./Src/syscalls.o
 .debug_macro   0x0000273d       0x1c ./Src/syscalls.o
 .debug_macro   0x00002759       0x52 ./Src/syscalls.o
 .debug_macro   0x000027ab       0x22 ./Src/syscalls.o
 .debug_macro   0x000027cd       0x10 ./Src/syscalls.o
 .debug_macro   0x000027dd       0x52 ./Src/syscalls.o
 .debug_macro   0x0000282f       0xcf ./Src/syscalls.o
 .debug_macro   0x000028fe       0x1c ./Src/syscalls.o
 .debug_macro   0x0000291a       0x3d ./Src/syscalls.o
 .debug_macro   0x00002957       0x35 ./Src/syscalls.o
 .debug_macro   0x0000298c      0x12c ./Src/syscalls.o
 .debug_macro   0x00002ab8       0x16 ./Src/syscalls.o
 .debug_macro   0x00002ace       0x16 ./Src/syscalls.o
 .debug_macro   0x00002ae4       0x29 ./Src/syscalls.o
 .debug_macro   0x00002b0d       0x10 ./Src/syscalls.o
 .debug_macro   0x00002b1d      0x242 ./Src/syscalls.o
 .debug_macro   0x00002d5f       0x1c ./Src/syscalls.o
 .debug_macro   0x00002d7b       0x10 ./Src/syscalls.o
 .debug_macro   0x00002d8b      0x18a ./Src/syscalls.o
 .debug_macro   0x00002f15       0x16 ./Src/syscalls.o
 .debug_macro   0x00002f2b       0xce ./Src/syscalls.o
 .debug_macro   0x00002ff9      0x112 ./Src/sysmem.o
 .debug_macro   0x0000310b      0x23c ./Src/sysmem.o
 .debug_macro   0x00003347       0xa7 ./drivers/Src/stm32l496xx_gpio.o
 .debug_macro   0x000033ee       0x8e ./drivers/Src/stm32l496xx_gpio.o
 .debug_macro   0x0000347c       0x51 ./drivers/Src/stm32l496xx_gpio.o
 .debug_macro   0x000034cd      0x121 ./drivers/Src/stm32l496xx_gpio.o
 .debug_macro   0x000035ee       0xa3 ./drivers/Src/stm32l496xx_spi.o

.debug_line     0x00000000     0x2dfe
 .debug_line    0x00000000      0x8a2 ./Src/007spi_msg_rcv_it.o
 .debug_line    0x000008a2      0x9d3 ./Src/syscalls.o
 .debug_line    0x00001275      0x670 ./Src/sysmem.o
 .debug_line    0x000018e5       0x7b ./Startup/startup_stm32l496zgtxp.o
 .debug_line    0x00001960      0xa4d ./drivers/Src/stm32l496xx_gpio.o
 .debug_line    0x000023ad      0xa51 ./drivers/Src/stm32l496xx_spi.o

.debug_str      0x00000000     0xc281
 .debug_str     0x00000000     0xc281 ./Src/007spi_msg_rcv_it.o
                               0x9e77 (size before relaxing)
 .debug_str     0x0000c281     0x9a58 ./Src/syscalls.o
 .debug_str     0x0000c281     0x7748 ./Src/sysmem.o
 .debug_str     0x0000c281       0x87 ./Startup/startup_stm32l496zgtxp.o
 .debug_str     0x0000c281     0x66f9 ./drivers/Src/stm32l496xx_gpio.o
 .debug_str     0x0000c281     0x6743 ./drivers/Src/stm32l496xx_spi.o

.comment        0x00000000       0x43
 .comment       0x00000000       0x43 ./Src/007spi_msg_rcv_it.o
                                 0x44 (size before relaxing)
 .comment       0x00000043       0x44 ./Src/syscalls.o
 .comment       0x00000043       0x44 ./Src/sysmem.o
 .comment       0x00000043       0x44 ./drivers/Src/stm32l496xx_gpio.o
 .comment       0x00000043       0x44 ./drivers/Src/stm32l496xx_spi.o

.debug_frame    0x00000000     0x1124
 .debug_frame   0x00000000      0x11c ./Src/007spi_msg_rcv_it.o
 .debug_frame   0x0000011c      0x2d4 ./Src/syscalls.o
 .debug_frame   0x000003f0       0x34 ./Src/sysmem.o
 .debug_frame   0x00000424      0x1c8 ./drivers/Src/stm32l496xx_gpio.o
 .debug_frame   0x000005ec      0x364 ./drivers/Src/stm32l496xx_spi.o
 .debug_frame   0x00000950      0x144 D:/STM32CubeIDE/STM32CubeIDE_1.18.1/STM32CubeIDE/plugins/com.st.stm32cube.ide.mcu.externaltools.gnu-tools-for-stm32.13.3.rel1.win32_1.0.0.202411081344/tools/bin/../lib/gcc/arm-none-eabi/13.3.1/../../../../arm-none-eabi/lib/thumb/v7e-m/nofp\libc_nano.a(libc_a-findfp.o)
 .debug_frame   0x00000a94       0x34 D:/STM32CubeIDE/STM32CubeIDE_1.18.1/STM32CubeIDE/plugins/com.st.stm32cube.ide.mcu.externaltools.gnu-tools-for-stm32.13.3.rel1.win32_1.0.0.202411081344/tools/bin/../lib/gcc/arm-none-eabi/13.3.1/../../../../arm-none-eabi/lib/thumb/v7e-m/nofp\libc_nano.a(libc_a-fwalk.o)
 .debug_frame   0x00000ac8       0x6c D:/STM32CubeIDE/STM32CubeIDE_1.18.1/STM32CubeIDE/plugins/com.st.stm32cube.ide.mcu.externaltools.gnu-tools-for-stm32.13.3.rel1.win32_1.0.0.202411081344/tools/bin/../lib/gcc/arm-none-eabi/13.3.1/../../../../arm-none-eabi/lib/thumb/v7e-m/nofp\libc_nano.a(libc_a-printf.o)
 .debug_frame   0x00000b34       0x88 D:/STM32CubeIDE/STM32CubeIDE_1.18.1/STM32CubeIDE/plugins/com.st.stm32cube.ide.mcu.externaltools.gnu-tools-for-stm32.13.3.rel1.win32_1.0.0.202411081344/tools/bin/../lib/gcc/arm-none-eabi/13.3.1/../../../../arm-none-eabi/lib/thumb/v7e-m/nofp\libc_nano.a(libc_a-stdio.o)
 .debug_frame   0x00000bbc       0x20 D:/STM32CubeIDE/STM32CubeIDE_1.18.1/STM32CubeIDE/plugins/com.st.stm32cube.ide.mcu.externaltools.gnu-tools-for-stm32.13.3.rel1.win32_1.0.0.202411081344/tools/bin/../lib/gcc/arm-none-eabi/13.3.1/../../../../arm-none-eabi/lib/thumb/v7e-m/nofp\libc_nano.a(libc_a-memset.o)
 .debug_frame   0x00000bdc       0x2c D:/STM32CubeIDE/STM32CubeIDE_1.18.1/STM32CubeIDE/plugins/com.st.stm32cube.ide.mcu.externaltools.gnu-tools-for-stm32.13.3.rel1.win32_1.0.0.202411081344/tools/bin/../lib/gcc/arm-none-eabi/13.3.1/../../../../arm-none-eabi/lib/thumb/v7e-m/nofp\libc_nano.a(libc_a-closer.o)
 .debug_frame   0x00000c08       0x38 D:/STM32CubeIDE/STM32CubeIDE_1.18.1/STM32CubeIDE/plugins/com.st.stm32cube.ide.mcu.externaltools.gnu-tools-for-stm32.13.3.rel1.win32_1.0.0.202411081344/tools/bin/../lib/gcc/arm-none-eabi/13.3.1/../../../../arm-none-eabi/lib/thumb/v7e-m/nofp\libc_nano.a(libc_a-reent.o)
 .debug_frame   0x00000c40       0x2c D:/STM32CubeIDE/STM32CubeIDE_1.18.1/STM32CubeIDE/plugins/com.st.stm32cube.ide.mcu.externaltools.gnu-tools-for-stm32.13.3.rel1.win32_1.0.0.202411081344/tools/bin/../lib/gcc/arm-none-eabi/13.3.1/../../../../arm-none-eabi/lib/thumb/v7e-m/nofp\libc_nano.a(libc_a-lseekr.o)
 .debug_frame   0x00000c6c       0x2c D:/STM32CubeIDE/STM32CubeIDE_1.18.1/STM32CubeIDE/plugins/com.st.stm32cube.ide.mcu.externaltools.gnu-tools-for-stm32.13.3.rel1.win32_1.0.0.202411081344/tools/bin/../lib/gcc/arm-none-eabi/13.3.1/../../../../arm-none-eabi/lib/thumb/v7e-m/nofp\libc_nano.a(libc_a-readr.o)
 .debug_frame   0x00000c98       0x2c D:/STM32CubeIDE/STM32CubeIDE_1.18.1/STM32CubeIDE/plugins/com.st.stm32cube.ide.mcu.externaltools.gnu-tools-for-stm32.13.3.rel1.win32_1.0.0.202411081344/tools/bin/../lib/gcc/arm-none-eabi/13.3.1/../../../../arm-none-eabi/lib/thumb/v7e-m/nofp\libc_nano.a(libc_a-writer.o)
 .debug_frame   0x00000cc4       0x20 D:/STM32CubeIDE/STM32CubeIDE_1.18.1/STM32CubeIDE/plugins/com.st.stm32cube.ide.mcu.externaltools.gnu-tools-for-stm32.13.3.rel1.win32_1.0.0.202411081344/tools/bin/../lib/gcc/arm-none-eabi/13.3.1/../../../../arm-none-eabi/lib/thumb/v7e-m/nofp\libc_nano.a(libc_a-errno.o)
 .debug_frame   0x00000ce4       0x2c D:/STM32CubeIDE/STM32CubeIDE_1.18.1/STM32CubeIDE/plugins/com.st.stm32cube.ide.mcu.externaltools.gnu-tools-for-stm32.13.3.rel1.win32_1.0.0.202411081344/tools/bin/../lib/gcc/arm-none-eabi/13.3.1/../../../../arm-none-eabi/lib/thumb/v7e-m/nofp\libc_nano.a(libc_a-init.o)
 .debug_frame   0x00000d10       0xb0 D:/STM32CubeIDE/STM32CubeIDE_1.18.1/STM32CubeIDE/plugins/com.st.stm32cube.ide.mcu.externaltools.gnu-tools-for-stm32.13.3.rel1.win32_1.0.0.202411081344/tools/bin/../lib/gcc/arm-none-eabi/13.3.1/../../../../arm-none-eabi/lib/thumb/v7e-m/nofp\libc_nano.a(libc_a-lock.o)
 .debug_frame   0x00000dc0       0x38 D:/STM32CubeIDE/STM32CubeIDE_1.18.1/STM32CubeIDE/plugins/com.st.stm32cube.ide.mcu.externaltools.gnu-tools-for-stm32.13.3.rel1.win32_1.0.0.202411081344/tools/bin/../lib/gcc/arm-none-eabi/13.3.1/../../../../arm-none-eabi/lib/thumb/v7e-m/nofp\libc_nano.a(libc_a-freer.o)
 .debug_frame   0x00000df8       0x50 D:/STM32CubeIDE/STM32CubeIDE_1.18.1/STM32CubeIDE/plugins/com.st.stm32cube.ide.mcu.externaltools.gnu-tools-for-stm32.13.3.rel1.win32_1.0.0.202411081344/tools/bin/../lib/gcc/arm-none-eabi/13.3.1/../../../../arm-none-eabi/lib/thumb/v7e-m/nofp\libc_nano.a(libc_a-mallocr.o)
 .debug_frame   0x00000e48       0x30 D:/STM32CubeIDE/STM32CubeIDE_1.18.1/STM32CubeIDE/plugins/com.st.stm32cube.ide.mcu.externaltools.gnu-tools-for-stm32.13.3.rel1.win32_1.0.0.202411081344/tools/bin/../lib/gcc/arm-none-eabi/13.3.1/../../../../arm-none-eabi/lib/thumb/v7e-m/nofp\libc_nano.a(libc_a-mlock.o)
 .debug_frame   0x00000e78       0xa8 D:/STM32CubeIDE/STM32CubeIDE_1.18.1/STM32CubeIDE/plugins/com.st.stm32cube.ide.mcu.externaltools.gnu-tools-for-stm32.13.3.rel1.win32_1.0.0.202411081344/tools/bin/../lib/gcc/arm-none-eabi/13.3.1/../../../../arm-none-eabi/lib/thumb/v7e-m/nofp\libc_nano.a(libc_a-nano-vfprintf.o)
 .debug_frame   0x00000f20       0x60 D:/STM32CubeIDE/STM32CubeIDE_1.18.1/STM32CubeIDE/plugins/com.st.stm32cube.ide.mcu.externaltools.gnu-tools-for-stm32.13.3.rel1.win32_1.0.0.202411081344/tools/bin/../lib/gcc/arm-none-eabi/13.3.1/../../../../arm-none-eabi/lib/thumb/v7e-m/nofp\libc_nano.a(libc_a-nano-vfprintf_i.o)
 .debug_frame   0x00000f80       0x5c D:/STM32CubeIDE/STM32CubeIDE_1.18.1/STM32CubeIDE/plugins/com.st.stm32cube.ide.mcu.externaltools.gnu-tools-for-stm32.13.3.rel1.win32_1.0.0.202411081344/tools/bin/../lib/gcc/arm-none-eabi/13.3.1/../../../../arm-none-eabi/lib/thumb/v7e-m/nofp\libc_nano.a(libc_a-fflush.o)
 .debug_frame   0x00000fdc       0x40 D:/STM32CubeIDE/STM32CubeIDE_1.18.1/STM32CubeIDE/plugins/com.st.stm32cube.ide.mcu.externaltools.gnu-tools-for-stm32.13.3.rel1.win32_1.0.0.202411081344/tools/bin/../lib/gcc/arm-none-eabi/13.3.1/../../../../arm-none-eabi/lib/thumb/v7e-m/nofp\libc_nano.a(libc_a-wbuf.o)
 .debug_frame   0x0000101c       0x2c D:/STM32CubeIDE/STM32CubeIDE_1.18.1/STM32CubeIDE/plugins/com.st.stm32cube.ide.mcu.externaltools.gnu-tools-for-stm32.13.3.rel1.win32_1.0.0.202411081344/tools/bin/../lib/gcc/arm-none-eabi/13.3.1/../../../../arm-none-eabi/lib/thumb/v7e-m/nofp\libc_nano.a(libc_a-wsetup.o)
 .debug_frame   0x00001048       0x2c D:/STM32CubeIDE/STM32CubeIDE_1.18.1/STM32CubeIDE/plugins/com.st.stm32cube.ide.mcu.externaltools.gnu-tools-for-stm32.13.3.rel1.win32_1.0.0.202411081344/tools/bin/../lib/gcc/arm-none-eabi/13.3.1/../../../../arm-none-eabi/lib/thumb/v7e-m/nofp\libc_nano.a(libc_a-sbrkr.o)
 .debug_frame   0x00001074       0x58 D:/STM32CubeIDE/STM32CubeIDE_1.18.1/STM32CubeIDE/plugins/com.st.stm32cube.ide.mcu.externaltools.gnu-tools-for-stm32.13.3.rel1.win32_1.0.0.202411081344/tools/bin/../lib/gcc/arm-none-eabi/13.3.1/../../../../arm-none-eabi/lib/thumb/v7e-m/nofp\libc_nano.a(libc_a-makebuf.o)
 .debug_frame   0x000010cc       0x2c D:/STM32CubeIDE/STM32CubeIDE_1.18.1/STM32CubeIDE/plugins/com.st.stm32cube.ide.mcu.externaltools.gnu-tools-for-stm32.13.3.rel1.win32_1.0.0.202411081344/tools/bin/../lib/gcc/arm-none-eabi/13.3.1/../../../../arm-none-eabi/lib/thumb/v7e-m/nofp\libc_nano.a(libc_a-fstatr.o)
 .debug_frame   0x000010f8       0x2c D:/STM32CubeIDE/STM32CubeIDE_1.18.1/STM32CubeIDE/plugins/com.st.stm32cube.ide.mcu.externaltools.gnu-tools-for-stm32.13.3.rel1.win32_1.0.0.202411081344/tools/bin/../lib/gcc/arm-none-eabi/13.3.1/../../../../arm-none-eabi/lib/thumb/v7e-m/nofp\libc_nano.a(libc_a-isattyr.o)

.debug_line_str
                0x00000000       0x6b
 .debug_line_str
                0x00000000       0x6b ./Startup/startup_stm32l496zgtxp.o
